
==================================================
TIME: 2026-01-21 03:06:44.925590
URL: https://9gag.com/gag/aO8EYYy
ERROR TYPE: DownloadError
ERROR MSG: [0;31mERROR:[0m [9gag] aO8EYYy: Unable to download JSON metadata: HTTP Error 403: Forbidden (caused by <HTTPError 403: Forbidden>)
TRACEBACK:
Traceback (most recent call last):
  File "C:\Users\phult\AppData\Local\Python\pythoncore-3.14-64\Lib\site-packages\yt_dlp\extractor\common.py", line 909, in _request_webpage
    return self._downloader.urlopen(self._create_request(url_or_request, data, headers, query, extensions))
           ~~~~~~~~~~~~~~~~~~~~~~~~^^^^^^^^^^^^^^^^^^^^^^^^^^^^^^^^^^^^^^^^^^^^^^^^^^^^^^^^^^^^^^^^^^^^^^^^
  File "C:\Users\phult\AppData\Local\Python\pythoncore-3.14-64\Lib\site-packages\yt_dlp\YoutubeDL.py", line 4252, in urlopen
    return self._request_director.send(req)
           ~~~~~~~~~~~~~~~~~~~~~~~~~~~^^^^^
  File "C:\Users\phult\AppData\Local\Python\pythoncore-3.14-64\Lib\site-packages\yt_dlp\networking\common.py", line 117, in send
    response = handler.send(request)
  File "C:\Users\phult\AppData\Local\Python\pythoncore-3.14-64\Lib\site-packages\yt_dlp\networking\_helper.py", line 194, in wrapper
    return func(self, *args, **kwargs)
  File "C:\Users\phult\AppData\Local\Python\pythoncore-3.14-64\Lib\site-packages\yt_dlp\networking\common.py", line 359, in send
    return self._send(request)
           ~~~~~~~~~~^^^^^^^^^
  File "C:\Users\phult\AppData\Local\Python\pythoncore-3.14-64\Lib\site-packages\yt_dlp\networking\_requests.py", line 361, in _send
    raise HTTPError(res, redirect_loop=max_redirects_exceeded)
yt_dlp.networking.exceptions.HTTPError: HTTP Error 403: Forbidden

During handling of the above exception, another exception occurred:

Traceback (most recent call last):
  File "C:\Users\phult\AppData\Local\Python\pythoncore-3.14-64\Lib\site-packages\yt_dlp\YoutubeDL.py", line 1696, in wrapper
    return func(self, *args, **kwargs)
  File "C:\Users\phult\AppData\Local\Python\pythoncore-3.14-64\Lib\site-packages\yt_dlp\YoutubeDL.py", line 1831, in __extract_info
    ie_result = ie.extract(url)
  File "C:\Users\phult\AppData\Local\Python\pythoncore-3.14-64\Lib\site-packages\yt_dlp\extractor\common.py", line 762, in extract
    ie_result = self._real_extract(url)
  File "C:\Users\phult\AppData\Local\Python\pythoncore-3.14-64\Lib\site-packages\yt_dlp\extractor\ninegag.py", line 60, in _real_extract
    post = self._download_json(
           ~~~~~~~~~~~~~~~~~~~^
        'https://9gag.com/v1/post', post_id, query={
        ^^^^^^^^^^^^^^^^^^^^^^^^^^^^^^^^^^^^^^^^^^^^
            'id': post_id,
            ^^^^^^^^^^^^^^
        }, impersonate=True)['data']['post']
        ^^^^^^^^^^^^^^^^^^^^
  File "C:\Users\phult\AppData\Local\Python\pythoncore-3.14-64\Lib\site-packages\yt_dlp\extractor\common.py", line 1150, in download_content
    res = getattr(self, download_handle.__name__)(url_or_request, video_id, **kwargs)
  File "C:\Users\phult\AppData\Local\Python\pythoncore-3.14-64\Lib\site-packages\yt_dlp\extractor\common.py", line 1108, in download_handle
    res = self._download_webpage_handle(
        url_or_request, video_id, note=note, errnote=errnote, fatal=fatal, encoding=encoding,
        data=data, headers=headers, query=query, expected_status=expected_status,
        impersonate=impersonate, require_impersonation=require_impersonation)
  File "C:\Users\phult\AppData\Local\Python\pythoncore-3.14-64\Lib\site-packages\yt_dlp\extractor\common.py", line 973, in _download_webpage_handle
    urlh = self._request_webpage(url_or_request, video_id, note, errnote, fatal, data=data,
                                 headers=headers, query=query, expected_status=expected_status,
                                 impersonate=impersonate, require_impersonation=require_impersonation)
  File "C:\Users\phult\AppData\Local\Python\pythoncore-3.14-64\Lib\site-packages\yt_dlp\extractor\common.py", line 922, in _request_webpage
    raise ExtractorError(errmsg, cause=err)
yt_dlp.utils.ExtractorError: [9gag] aO8EYYy: Unable to download JSON metadata: HTTP Error 403: Forbidden (caused by <HTTPError 403: Forbidden>)

During handling of the above exception, another exception occurred:

Traceback (most recent call last):
  File "D:\Tsufutube\core.py", line 536, in _download_general_ytdlp
    raise e # Other error (Network, etc)
    ^^^^^^^
  File "D:\Tsufutube\core.py", line 515, in _download_general_ytdlp
    info = ydl.extract_info(task["url"], download=False)
  File "C:\Users\phult\AppData\Local\Python\pythoncore-3.14-64\Lib\site-packages\yt_dlp\YoutubeDL.py", line 1685, in extract_info
    return self.__extract_info(url, self.get_info_extractor(key), download, extra_info, process)
           ~~~~~~~~~~~~~~~~~~~^^^^^^^^^^^^^^^^^^^^^^^^^^^^^^^^^^^^^^^^^^^^^^^^^^^^^^^^^^^^^^^^^^
  File "C:\Users\phult\AppData\Local\Python\pythoncore-3.14-64\Lib\site-packages\yt_dlp\YoutubeDL.py", line 1714, in wrapper
    self.report_error(str(e), e.format_traceback())
    ~~~~~~~~~~~~~~~~~^^^^^^^^^^^^^^^^^^^^^^^^^^^^^^
  File "C:\Users\phult\AppData\Local\Python\pythoncore-3.14-64\Lib\site-packages\yt_dlp\YoutubeDL.py", line 1154, in report_error
    self.trouble(f'{self._format_err("ERROR:", self.Styles.ERROR)} {message}', *args, **kwargs)
    ~~~~~~~~~~~~^^^^^^^^^^^^^^^^^^^^^^^^^^^^^^^^^^^^^^^^^^^^^^^^^^^^^^^^^^^^^^^^^^^^^^^^^^^^^^^
  File "C:\Users\phult\AppData\Local\Python\pythoncore-3.14-64\Lib\site-packages\yt_dlp\YoutubeDL.py", line 1093, in trouble
    raise DownloadError(message, exc_info)
yt_dlp.utils.DownloadError: [0;31mERROR:[0m [9gag] aO8EYYy: Unable to download JSON metadata: HTTP Error 403: Forbidden (caused by <HTTPError 403: Forbidden>)


==================================================
TIME: 2026-01-21 03:07:27.744883
URL: https://9gag.com/gag/aO8EYYy
ERROR TYPE: DownloadError
ERROR MSG: [0;31mERROR:[0m [9gag] aO8EYYy: Unable to download JSON metadata: HTTP Error 403: Forbidden (caused by <HTTPError 403: Forbidden>)
TRACEBACK:
Traceback (most recent call last):
  File "C:\Users\phult\AppData\Local\Python\pythoncore-3.14-64\Lib\site-packages\yt_dlp\extractor\common.py", line 909, in _request_webpage
    return self._downloader.urlopen(self._create_request(url_or_request, data, headers, query, extensions))
           ~~~~~~~~~~~~~~~~~~~~~~~~^^^^^^^^^^^^^^^^^^^^^^^^^^^^^^^^^^^^^^^^^^^^^^^^^^^^^^^^^^^^^^^^^^^^^^^^
  File "C:\Users\phult\AppData\Local\Python\pythoncore-3.14-64\Lib\site-packages\yt_dlp\YoutubeDL.py", line 4252, in urlopen
    return self._request_director.send(req)
           ~~~~~~~~~~~~~~~~~~~~~~~~~~~^^^^^
  File "C:\Users\phult\AppData\Local\Python\pythoncore-3.14-64\Lib\site-packages\yt_dlp\networking\common.py", line 117, in send
    response = handler.send(request)
  File "C:\Users\phult\AppData\Local\Python\pythoncore-3.14-64\Lib\site-packages\yt_dlp\networking\_helper.py", line 194, in wrapper
    return func(self, *args, **kwargs)
  File "C:\Users\phult\AppData\Local\Python\pythoncore-3.14-64\Lib\site-packages\yt_dlp\networking\common.py", line 359, in send
    return self._send(request)
           ~~~~~~~~~~^^^^^^^^^
  File "C:\Users\phult\AppData\Local\Python\pythoncore-3.14-64\Lib\site-packages\yt_dlp\networking\_requests.py", line 361, in _send
    raise HTTPError(res, redirect_loop=max_redirects_exceeded)
yt_dlp.networking.exceptions.HTTPError: HTTP Error 403: Forbidden

During handling of the above exception, another exception occurred:

Traceback (most recent call last):
  File "C:\Users\phult\AppData\Local\Python\pythoncore-3.14-64\Lib\site-packages\yt_dlp\YoutubeDL.py", line 1696, in wrapper
    return func(self, *args, **kwargs)
  File "C:\Users\phult\AppData\Local\Python\pythoncore-3.14-64\Lib\site-packages\yt_dlp\YoutubeDL.py", line 1831, in __extract_info
    ie_result = ie.extract(url)
  File "C:\Users\phult\AppData\Local\Python\pythoncore-3.14-64\Lib\site-packages\yt_dlp\extractor\common.py", line 762, in extract
    ie_result = self._real_extract(url)
  File "C:\Users\phult\AppData\Local\Python\pythoncore-3.14-64\Lib\site-packages\yt_dlp\extractor\ninegag.py", line 60, in _real_extract
    post = self._download_json(
           ~~~~~~~~~~~~~~~~~~~^
        'https://9gag.com/v1/post', post_id, query={
        ^^^^^^^^^^^^^^^^^^^^^^^^^^^^^^^^^^^^^^^^^^^^
            'id': post_id,
            ^^^^^^^^^^^^^^
        }, impersonate=True)['data']['post']
        ^^^^^^^^^^^^^^^^^^^^
  File "C:\Users\phult\AppData\Local\Python\pythoncore-3.14-64\Lib\site-packages\yt_dlp\extractor\common.py", line 1150, in download_content
    res = getattr(self, download_handle.__name__)(url_or_request, video_id, **kwargs)
  File "C:\Users\phult\AppData\Local\Python\pythoncore-3.14-64\Lib\site-packages\yt_dlp\extractor\common.py", line 1108, in download_handle
    res = self._download_webpage_handle(
        url_or_request, video_id, note=note, errnote=errnote, fatal=fatal, encoding=encoding,
        data=data, headers=headers, query=query, expected_status=expected_status,
        impersonate=impersonate, require_impersonation=require_impersonation)
  File "C:\Users\phult\AppData\Local\Python\pythoncore-3.14-64\Lib\site-packages\yt_dlp\extractor\common.py", line 973, in _download_webpage_handle
    urlh = self._request_webpage(url_or_request, video_id, note, errnote, fatal, data=data,
                                 headers=headers, query=query, expected_status=expected_status,
                                 impersonate=impersonate, require_impersonation=require_impersonation)
  File "C:\Users\phult\AppData\Local\Python\pythoncore-3.14-64\Lib\site-packages\yt_dlp\extractor\common.py", line 922, in _request_webpage
    raise ExtractorError(errmsg, cause=err)
yt_dlp.utils.ExtractorError: [9gag] aO8EYYy: Unable to download JSON metadata: HTTP Error 403: Forbidden (caused by <HTTPError 403: Forbidden>)

During handling of the above exception, another exception occurred:

Traceback (most recent call last):
  File "D:\Tsufutube\core.py", line 536, in _download_general_ytdlp
    raise e # Other error (Network, etc)
    ^^^^^^^
  File "D:\Tsufutube\core.py", line 515, in _download_general_ytdlp
    info = ydl.extract_info(task["url"], download=False)
  File "C:\Users\phult\AppData\Local\Python\pythoncore-3.14-64\Lib\site-packages\yt_dlp\YoutubeDL.py", line 1685, in extract_info
    return self.__extract_info(url, self.get_info_extractor(key), download, extra_info, process)
           ~~~~~~~~~~~~~~~~~~~^^^^^^^^^^^^^^^^^^^^^^^^^^^^^^^^^^^^^^^^^^^^^^^^^^^^^^^^^^^^^^^^^^
  File "C:\Users\phult\AppData\Local\Python\pythoncore-3.14-64\Lib\site-packages\yt_dlp\YoutubeDL.py", line 1714, in wrapper
    self.report_error(str(e), e.format_traceback())
    ~~~~~~~~~~~~~~~~~^^^^^^^^^^^^^^^^^^^^^^^^^^^^^^
  File "C:\Users\phult\AppData\Local\Python\pythoncore-3.14-64\Lib\site-packages\yt_dlp\YoutubeDL.py", line 1154, in report_error
    self.trouble(f'{self._format_err("ERROR:", self.Styles.ERROR)} {message}', *args, **kwargs)
    ~~~~~~~~~~~~^^^^^^^^^^^^^^^^^^^^^^^^^^^^^^^^^^^^^^^^^^^^^^^^^^^^^^^^^^^^^^^^^^^^^^^^^^^^^^^
  File "C:\Users\phult\AppData\Local\Python\pythoncore-3.14-64\Lib\site-packages\yt_dlp\YoutubeDL.py", line 1093, in trouble
    raise DownloadError(message, exc_info)
yt_dlp.utils.DownloadError: [0;31mERROR:[0m [9gag] aO8EYYy: Unable to download JSON metadata: HTTP Error 403: Forbidden (caused by <HTTPError 403: Forbidden>)


==================================================
TIME: 2026-01-21 03:10:37.810214
URL: 7.43 K@w.Sl 09/29 teB:/ # æ˜æœˆå½•é˜µå®¹å®˜å®£ é­é‡‡è–‡ï¼Œå°±å€Ÿè¿™æœˆå…‰ï¼Œæ¸¡ç–¾å„ä¹‹è‹¦ã€‚# æ˜æœˆå½• # å‰§å‰§æŠ–æœ‰æˆ  https://v.douyin.com/IKouy_Ej3X8/ å¤åˆ¶æ­¤é“¾æ¥ï¼Œæ‰“å¼€DouéŸ³æœç´¢ï¼Œç›´æ¥è§‚çœ‹è§†é¢‘ï¼
ERROR TYPE: DownloadError
ERROR MSG: [0;31mERROR:[0m [generic] '7.43 K@w.Sl 09/29 teB:/ # æ˜æœˆå½•é˜µå®¹å®˜å®£ é­é‡‡è–‡ï¼Œå°±å€Ÿè¿™æœˆå…‰ï¼Œæ¸¡ç–¾å„ä¹‹è‹¦ã€‚# æ˜æœˆå½• # å‰§å‰§æŠ–æœ‰æˆ  https://v.douyin.com/IKouy_Ej3X8/ å¤åˆ¶æ­¤é“¾æ¥ï¼Œæ‰“å¼€DouéŸ³æœç´¢ï¼Œç›´æ¥è§‚çœ‹è§†é¢‘ï¼' is not a valid URL
TRACEBACK:
Traceback (most recent call last):
  File "C:\Users\phult\AppData\Local\Python\pythoncore-3.14-64\Lib\site-packages\yt_dlp\YoutubeDL.py", line 1696, in wrapper
    return func(self, *args, **kwargs)
  File "C:\Users\phult\AppData\Local\Python\pythoncore-3.14-64\Lib\site-packages\yt_dlp\YoutubeDL.py", line 1831, in __extract_info
    ie_result = ie.extract(url)
  File "C:\Users\phult\AppData\Local\Python\pythoncore-3.14-64\Lib\site-packages\yt_dlp\extractor\common.py", line 762, in extract
    ie_result = self._real_extract(url)
  File "C:\Users\phult\AppData\Local\Python\pythoncore-3.14-64\Lib\site-packages\yt_dlp\extractor\generic.py", line 789, in _real_extract
    raise ExtractorError(f'{url!r} is not a valid URL', expected=True)
yt_dlp.utils.ExtractorError: [generic] '7.43 K@w.Sl 09/29 teB:/ # æ˜æœˆå½•é˜µå®¹å®˜å®£ é­é‡‡è–‡ï¼Œå°±å€Ÿè¿™æœˆå…‰ï¼Œæ¸¡ç–¾å„ä¹‹è‹¦ã€‚# æ˜æœˆå½• # å‰§å‰§æŠ–æœ‰æˆ  https://v.douyin.com/IKouy_Ej3X8/ å¤åˆ¶æ­¤é“¾æ¥ï¼Œæ‰“å¼€DouéŸ³æœç´¢ï¼Œç›´æ¥è§‚çœ‹è§†é¢‘ï¼' is not a valid URL

During handling of the above exception, another exception occurred:

Traceback (most recent call last):
  File "D:\Tsufutube\core.py", line 536, in _download_general_ytdlp
    raise e
    ^^^
  File "D:\Tsufutube\core.py", line 515, in _download_general_ytdlp
    try:
    
  File "C:\Users\phult\AppData\Local\Python\pythoncore-3.14-64\Lib\site-packages\yt_dlp\YoutubeDL.py", line 1685, in extract_info
    return self.__extract_info(url, self.get_info_extractor(key), download, extra_info, process)
           ~~~~~~~~~~~~~~~~~~~^^^^^^^^^^^^^^^^^^^^^^^^^^^^^^^^^^^^^^^^^^^^^^^^^^^^^^^^^^^^^^^^^^
  File "C:\Users\phult\AppData\Local\Python\pythoncore-3.14-64\Lib\site-packages\yt_dlp\YoutubeDL.py", line 1714, in wrapper
    self.report_error(str(e), e.format_traceback())
    ~~~~~~~~~~~~~~~~~^^^^^^^^^^^^^^^^^^^^^^^^^^^^^^
  File "C:\Users\phult\AppData\Local\Python\pythoncore-3.14-64\Lib\site-packages\yt_dlp\YoutubeDL.py", line 1154, in report_error
    self.trouble(f'{self._format_err("ERROR:", self.Styles.ERROR)} {message}', *args, **kwargs)
    ~~~~~~~~~~~~^^^^^^^^^^^^^^^^^^^^^^^^^^^^^^^^^^^^^^^^^^^^^^^^^^^^^^^^^^^^^^^^^^^^^^^^^^^^^^^
  File "C:\Users\phult\AppData\Local\Python\pythoncore-3.14-64\Lib\site-packages\yt_dlp\YoutubeDL.py", line 1093, in trouble
    raise DownloadError(message, exc_info)
yt_dlp.utils.DownloadError: [0;31mERROR:[0m [generic] '7.43 K@w.Sl 09/29 teB:/ # æ˜æœˆå½•é˜µå®¹å®˜å®£ é­é‡‡è–‡ï¼Œå°±å€Ÿè¿™æœˆå…‰ï¼Œæ¸¡ç–¾å„ä¹‹è‹¦ã€‚# æ˜æœˆå½• # å‰§å‰§æŠ–æœ‰æˆ  https://v.douyin.com/IKouy_Ej3X8/ å¤åˆ¶æ­¤é“¾æ¥ï¼Œæ‰“å¼€DouéŸ³æœç´¢ï¼Œç›´æ¥è§‚çœ‹è§†é¢‘ï¼' is not a valid URL


==================================================
TIME: 2026-01-21 03:11:30.018146
URL: https://9gag.com/gag/aO8EYYy?utm_source=copy_link&utm_medium=post_share
ERROR TYPE: YoutubeDLError
ERROR MSG: Impersonate target "chrome" is not available. Use --list-impersonate-targets to see available targets. You may be missing dependencies required to support this target.
TRACEBACK:
Traceback (most recent call last):
  File "D:\Tsufutube\core.py", line 516, in _download_general_ytdlp
    with yt_dlp.YoutubeDL(ydl_opts) as ydl:
         ~~~~~~~~~~~~~~~~^^^^^^^^^^
  File "C:\Users\phult\AppData\Local\Python\pythoncore-3.14-64\Lib\site-packages\yt_dlp\YoutubeDL.py", line 764, in __init__
    raise YoutubeDLError(
    ...<2 lines>...
        f'You may be missing dependencies required to support this target.')
yt_dlp.utils.YoutubeDLError: Impersonate target "chrome" is not available. Use --list-impersonate-targets to see available targets. You may be missing dependencies required to support this target.


==================================================
TIME: 2026-01-21 03:13:44.331217
URL: https://img-9gag-fun.9cache.com/photo/aKGZdVj_460svav1.mp4
ERROR TYPE: YoutubeDLError
ERROR MSG: Impersonate target "chrome" is not available. Use --list-impersonate-targets to see available targets. You may be missing dependencies required to support this target.
TRACEBACK:
Traceback (most recent call last):
  File "D:\Tsufutube\core.py", line 522, in _download_general_ytdlp
    with yt_dlp.YoutubeDL(ydl_opts) as ydl:
         ~~~~~~~~~~~~~~~~^^^^^^^^^^
  File "C:\Users\phult\AppData\Local\Python\pythoncore-3.14-64\Lib\site-packages\yt_dlp\YoutubeDL.py", line 764, in __init__
    raise YoutubeDLError(
    ...<2 lines>...
        f'You may be missing dependencies required to support this target.')
yt_dlp.utils.YoutubeDLError: Impersonate target "chrome" is not available. Use --list-impersonate-targets to see available targets. You may be missing dependencies required to support this target.


==================================================
TIME: 2026-01-21 03:15:44.719644
URL: https://img-9gag-fun.9cache.com/photo/aKGZdVj_460svav1.mp4
ERROR TYPE: YoutubeDLError
ERROR MSG: Impersonate target "chrome" is not available. Use --list-impersonate-targets to see available targets. You may be missing dependencies required to support this target.
TRACEBACK:
Traceback (most recent call last):
  File "D:\Tsufutube\core.py", line 524, in _download_general_ytdlp
    with yt_dlp.YoutubeDL(ydl_opts) as ydl:
         ~~~~~~~~~~~~~~~~^^^^^^^^^^
  File "C:\Users\phult\AppData\Local\Python\pythoncore-3.14-64\Lib\site-packages\yt_dlp\YoutubeDL.py", line 764, in __init__
    raise YoutubeDLError(
    ...<2 lines>...
        f'You may be missing dependencies required to support this target.')
yt_dlp.utils.YoutubeDLError: Impersonate target "chrome" is not available. Use --list-impersonate-targets to see available targets. You may be missing dependencies required to support this target.


==================================================
TIME: 2026-01-21 03:17:18.338253
URL: 7.43 K@w.Sl 09/29 teB:/ # æ˜æœˆå½•é˜µå®¹å®˜å®£ é­é‡‡è–‡ï¼Œå°±å€Ÿè¿™æœˆå…‰ï¼Œæ¸¡ç–¾å„ä¹‹è‹¦ã€‚# æ˜æœˆå½• # å‰§å‰§æŠ–æœ‰æˆ  https://v.douyin.com/IKouy_Ej3X8/ å¤åˆ¶æ­¤é“¾æ¥ï¼Œæ‰“å¼€DouéŸ³æœç´¢ï¼Œç›´æ¥è§‚çœ‹è§†é¢‘ï¼
ERROR TYPE: DownloadError
ERROR MSG: [0;31mERROR:[0m [generic] '7.43 K@w.Sl 09/29 teB:/ # æ˜æœˆå½•é˜µå®¹å®˜å®£ é­é‡‡è–‡ï¼Œå°±å€Ÿè¿™æœˆå…‰ï¼Œæ¸¡ç–¾å„ä¹‹è‹¦ã€‚# æ˜æœˆå½• # å‰§å‰§æŠ–æœ‰æˆ  https://v.douyin.com/IKouy_Ej3X8/ å¤åˆ¶æ­¤é“¾æ¥ï¼Œæ‰“å¼€DouéŸ³æœç´¢ï¼Œç›´æ¥è§‚çœ‹è§†é¢‘ï¼' is not a valid URL
TRACEBACK:
Traceback (most recent call last):
  File "C:\Users\phult\AppData\Local\Python\pythoncore-3.14-64\Lib\site-packages\yt_dlp\YoutubeDL.py", line 1696, in wrapper
    return func(self, *args, **kwargs)
  File "C:\Users\phult\AppData\Local\Python\pythoncore-3.14-64\Lib\site-packages\yt_dlp\YoutubeDL.py", line 1831, in __extract_info
    ie_result = ie.extract(url)
  File "C:\Users\phult\AppData\Local\Python\pythoncore-3.14-64\Lib\site-packages\yt_dlp\extractor\common.py", line 762, in extract
    ie_result = self._real_extract(url)
  File "C:\Users\phult\AppData\Local\Python\pythoncore-3.14-64\Lib\site-packages\yt_dlp\extractor\generic.py", line 789, in _real_extract
    raise ExtractorError(f'{url!r} is not a valid URL', expected=True)
yt_dlp.utils.ExtractorError: [generic] '7.43 K@w.Sl 09/29 teB:/ # æ˜æœˆå½•é˜µå®¹å®˜å®£ é­é‡‡è–‡ï¼Œå°±å€Ÿè¿™æœˆå…‰ï¼Œæ¸¡ç–¾å„ä¹‹è‹¦ã€‚# æ˜æœˆå½• # å‰§å‰§æŠ–æœ‰æˆ  https://v.douyin.com/IKouy_Ej3X8/ å¤åˆ¶æ­¤é“¾æ¥ï¼Œæ‰“å¼€DouéŸ³æœç´¢ï¼Œç›´æ¥è§‚çœ‹è§†é¢‘ï¼' is not a valid URL

During handling of the above exception, another exception occurred:

Traceback (most recent call last):
  File "D:\Tsufutube\core.py", line 536, in _download_general_ytdlp
    raise e # Other error (Network, etc)
    ^^^^^^^
  File "D:\Tsufutube\core.py", line 515, in _download_general_ytdlp
    info = ydl.extract_info(task["url"], download=False)
  File "C:\Users\phult\AppData\Local\Python\pythoncore-3.14-64\Lib\site-packages\yt_dlp\YoutubeDL.py", line 1685, in extract_info
    return self.__extract_info(url, self.get_info_extractor(key), download, extra_info, process)
           ~~~~~~~~~~~~~~~~~~~^^^^^^^^^^^^^^^^^^^^^^^^^^^^^^^^^^^^^^^^^^^^^^^^^^^^^^^^^^^^^^^^^^
  File "C:\Users\phult\AppData\Local\Python\pythoncore-3.14-64\Lib\site-packages\yt_dlp\YoutubeDL.py", line 1714, in wrapper
    self.report_error(str(e), e.format_traceback())
    ~~~~~~~~~~~~~~~~~^^^^^^^^^^^^^^^^^^^^^^^^^^^^^^
  File "C:\Users\phult\AppData\Local\Python\pythoncore-3.14-64\Lib\site-packages\yt_dlp\YoutubeDL.py", line 1154, in report_error
    self.trouble(f'{self._format_err("ERROR:", self.Styles.ERROR)} {message}', *args, **kwargs)
    ~~~~~~~~~~~~^^^^^^^^^^^^^^^^^^^^^^^^^^^^^^^^^^^^^^^^^^^^^^^^^^^^^^^^^^^^^^^^^^^^^^^^^^^^^^^
  File "C:\Users\phult\AppData\Local\Python\pythoncore-3.14-64\Lib\site-packages\yt_dlp\YoutubeDL.py", line 1093, in trouble
    raise DownloadError(message, exc_info)
yt_dlp.utils.DownloadError: [0;31mERROR:[0m [generic] '7.43 K@w.Sl 09/29 teB:/ # æ˜æœˆå½•é˜µå®¹å®˜å®£ é­é‡‡è–‡ï¼Œå°±å€Ÿè¿™æœˆå…‰ï¼Œæ¸¡ç–¾å„ä¹‹è‹¦ã€‚# æ˜æœˆå½• # å‰§å‰§æŠ–æœ‰æˆ  https://v.douyin.com/IKouy_Ej3X8/ å¤åˆ¶æ­¤é“¾æ¥ï¼Œæ‰“å¼€DouéŸ³æœç´¢ï¼Œç›´æ¥è§‚çœ‹è§†é¢‘ï¼' is not a valid URL


==================================================
TIME: 2026-01-21 03:19:31.736962
URL: 7.43 K@w.Sl 09/29 teB:/ # æ˜æœˆå½•é˜µå®¹å®˜å®£ é­é‡‡è–‡ï¼Œå°±å€Ÿè¿™æœˆå…‰ï¼Œæ¸¡ç–¾å„ä¹‹è‹¦ã€‚# æ˜æœˆå½• # å‰§å‰§æŠ–æœ‰æˆ  https://v.douyin.com/IKouy_Ej3X8/ å¤åˆ¶æ­¤é“¾æ¥ï¼Œæ‰“å¼€DouéŸ³æœç´¢ï¼Œç›´æ¥è§‚çœ‹è§†é¢‘ï¼
ERROR TYPE: DownloadError
ERROR MSG: [0;31mERROR:[0m [generic] '7.43 K@w.Sl 09/29 teB:/ # æ˜æœˆå½•é˜µå®¹å®˜å®£ é­é‡‡è–‡ï¼Œå°±å€Ÿè¿™æœˆå…‰ï¼Œæ¸¡ç–¾å„ä¹‹è‹¦ã€‚# æ˜æœˆå½• # å‰§å‰§æŠ–æœ‰æˆ  https://v.douyin.com/IKouy_Ej3X8/ å¤åˆ¶æ­¤é“¾æ¥ï¼Œæ‰“å¼€DouéŸ³æœç´¢ï¼Œç›´æ¥è§‚çœ‹è§†é¢‘ï¼' is not a valid URL
TRACEBACK:
Traceback (most recent call last):
  File "C:\Users\phult\AppData\Local\Python\pythoncore-3.14-64\Lib\site-packages\yt_dlp\YoutubeDL.py", line 1696, in wrapper
    return func(self, *args, **kwargs)
  File "C:\Users\phult\AppData\Local\Python\pythoncore-3.14-64\Lib\site-packages\yt_dlp\YoutubeDL.py", line 1831, in __extract_info
    ie_result = ie.extract(url)
  File "C:\Users\phult\AppData\Local\Python\pythoncore-3.14-64\Lib\site-packages\yt_dlp\extractor\common.py", line 762, in extract
    ie_result = self._real_extract(url)
  File "C:\Users\phult\AppData\Local\Python\pythoncore-3.14-64\Lib\site-packages\yt_dlp\extractor\generic.py", line 789, in _real_extract
    raise ExtractorError(f'{url!r} is not a valid URL', expected=True)
yt_dlp.utils.ExtractorError: [generic] '7.43 K@w.Sl 09/29 teB:/ # æ˜æœˆå½•é˜µå®¹å®˜å®£ é­é‡‡è–‡ï¼Œå°±å€Ÿè¿™æœˆå…‰ï¼Œæ¸¡ç–¾å„ä¹‹è‹¦ã€‚# æ˜æœˆå½• # å‰§å‰§æŠ–æœ‰æˆ  https://v.douyin.com/IKouy_Ej3X8/ å¤åˆ¶æ­¤é“¾æ¥ï¼Œæ‰“å¼€DouéŸ³æœç´¢ï¼Œç›´æ¥è§‚çœ‹è§†é¢‘ï¼' is not a valid URL

During handling of the above exception, another exception occurred:

Traceback (most recent call last):
  File "D:\Tsufutube\core.py", line 536, in _download_general_ytdlp
    raise e # Other error (Network, etc)
    ^^^^^^^
  File "D:\Tsufutube\core.py", line 515, in _download_general_ytdlp
    info = ydl.extract_info(task["url"], download=False)
  File "C:\Users\phult\AppData\Local\Python\pythoncore-3.14-64\Lib\site-packages\yt_dlp\YoutubeDL.py", line 1685, in extract_info
    return self.__extract_info(url, self.get_info_extractor(key), download, extra_info, process)
           ~~~~~~~~~~~~~~~~~~~^^^^^^^^^^^^^^^^^^^^^^^^^^^^^^^^^^^^^^^^^^^^^^^^^^^^^^^^^^^^^^^^^^
  File "C:\Users\phult\AppData\Local\Python\pythoncore-3.14-64\Lib\site-packages\yt_dlp\YoutubeDL.py", line 1714, in wrapper
    self.report_error(str(e), e.format_traceback())
    ~~~~~~~~~~~~~~~~~^^^^^^^^^^^^^^^^^^^^^^^^^^^^^^
  File "C:\Users\phult\AppData\Local\Python\pythoncore-3.14-64\Lib\site-packages\yt_dlp\YoutubeDL.py", line 1154, in report_error
    self.trouble(f'{self._format_err("ERROR:", self.Styles.ERROR)} {message}', *args, **kwargs)
    ~~~~~~~~~~~~^^^^^^^^^^^^^^^^^^^^^^^^^^^^^^^^^^^^^^^^^^^^^^^^^^^^^^^^^^^^^^^^^^^^^^^^^^^^^^^
  File "C:\Users\phult\AppData\Local\Python\pythoncore-3.14-64\Lib\site-packages\yt_dlp\YoutubeDL.py", line 1093, in trouble
    raise DownloadError(message, exc_info)
yt_dlp.utils.DownloadError: [0;31mERROR:[0m [generic] '7.43 K@w.Sl 09/29 teB:/ # æ˜æœˆå½•é˜µå®¹å®˜å®£ é­é‡‡è–‡ï¼Œå°±å€Ÿè¿™æœˆå…‰ï¼Œæ¸¡ç–¾å„ä¹‹è‹¦ã€‚# æ˜æœˆå½• # å‰§å‰§æŠ–æœ‰æˆ  https://v.douyin.com/IKouy_Ej3X8/ å¤åˆ¶æ­¤é“¾æ¥ï¼Œæ‰“å¼€DouéŸ³æœç´¢ï¼Œç›´æ¥è§‚çœ‹è§†é¢‘ï¼' is not a valid URL


==================================================
TIME: 2026-01-21 03:19:58.779312
URL: https://v.douyin.com/IKouy_Ej3X8
ERROR TYPE: DownloadError
ERROR MSG: [0;31mERROR:[0m [Douyin] 7597267023357612160: Fresh cookies (not necessarily logged in) are needed
TRACEBACK:
Traceback (most recent call last):
  File "C:\Users\phult\AppData\Local\Python\pythoncore-3.14-64\Lib\site-packages\yt_dlp\YoutubeDL.py", line 1696, in wrapper
    return func(self, *args, **kwargs)
  File "C:\Users\phult\AppData\Local\Python\pythoncore-3.14-64\Lib\site-packages\yt_dlp\YoutubeDL.py", line 1831, in __extract_info
    ie_result = ie.extract(url)
  File "C:\Users\phult\AppData\Local\Python\pythoncore-3.14-64\Lib\site-packages\yt_dlp\extractor\common.py", line 762, in extract
    ie_result = self._real_extract(url)
  File "C:\Users\phult\AppData\Local\Python\pythoncore-3.14-64\Lib\site-packages\yt_dlp\extractor\tiktok.py", line 1395, in _real_extract
    raise ExtractorError(
        'Fresh cookies (not necessarily logged in) are needed',
        expected=not self._get_cookies(self._WEBPAGE_HOST).get('s_v_web_id'))
yt_dlp.utils.ExtractorError: [Douyin] 7597267023357612160: Fresh cookies (not necessarily logged in) are needed

During handling of the above exception, another exception occurred:

Traceback (most recent call last):
  File "D:\Tsufutube\core.py", line 536, in _download_general_ytdlp
    raise e # Other error (Network, etc)
    ^^^^^^^
  File "D:\Tsufutube\core.py", line 515, in _download_general_ytdlp
    info = ydl.extract_info(task["url"], download=False)
  File "C:\Users\phult\AppData\Local\Python\pythoncore-3.14-64\Lib\site-packages\yt_dlp\YoutubeDL.py", line 1685, in extract_info
    return self.__extract_info(url, self.get_info_extractor(key), download, extra_info, process)
           ~~~~~~~~~~~~~~~~~~~^^^^^^^^^^^^^^^^^^^^^^^^^^^^^^^^^^^^^^^^^^^^^^^^^^^^^^^^^^^^^^^^^^
  File "C:\Users\phult\AppData\Local\Python\pythoncore-3.14-64\Lib\site-packages\yt_dlp\YoutubeDL.py", line 1696, in wrapper
    return func(self, *args, **kwargs)
  File "C:\Users\phult\AppData\Local\Python\pythoncore-3.14-64\Lib\site-packages\yt_dlp\YoutubeDL.py", line 1852, in __extract_info
    return self.process_ie_result(ie_result, download, extra_info)
           ~~~~~~~~~~~~~~~~~~~~~~^^^^^^^^^^^^^^^^^^^^^^^^^^^^^^^^^
  File "C:\Users\phult\AppData\Local\Python\pythoncore-3.14-64\Lib\site-packages\yt_dlp\YoutubeDL.py", line 1931, in process_ie_result
    return self.extract_info(
           ~~~~~~~~~~~~~~~~~^
        ie_result['url'], download,
        ^^^^^^^^^^^^^^^^^^^^^^^^^^^
        ie_key=ie_result.get('ie_key'),
        ^^^^^^^^^^^^^^^^^^^^^^^^^^^^^^^
        extra_info=extra_info)
        ^^^^^^^^^^^^^^^^^^^^^^
  File "C:\Users\phult\AppData\Local\Python\pythoncore-3.14-64\Lib\site-packages\yt_dlp\YoutubeDL.py", line 1685, in extract_info
    return self.__extract_info(url, self.get_info_extractor(key), download, extra_info, process)
           ~~~~~~~~~~~~~~~~~~~^^^^^^^^^^^^^^^^^^^^^^^^^^^^^^^^^^^^^^^^^^^^^^^^^^^^^^^^^^^^^^^^^^
  File "C:\Users\phult\AppData\Local\Python\pythoncore-3.14-64\Lib\site-packages\yt_dlp\YoutubeDL.py", line 1714, in wrapper
    self.report_error(str(e), e.format_traceback())
    ~~~~~~~~~~~~~~~~~^^^^^^^^^^^^^^^^^^^^^^^^^^^^^^
  File "C:\Users\phult\AppData\Local\Python\pythoncore-3.14-64\Lib\site-packages\yt_dlp\YoutubeDL.py", line 1154, in report_error
    self.trouble(f'{self._format_err("ERROR:", self.Styles.ERROR)} {message}', *args, **kwargs)
    ~~~~~~~~~~~~^^^^^^^^^^^^^^^^^^^^^^^^^^^^^^^^^^^^^^^^^^^^^^^^^^^^^^^^^^^^^^^^^^^^^^^^^^^^^^^
  File "C:\Users\phult\AppData\Local\Python\pythoncore-3.14-64\Lib\site-packages\yt_dlp\YoutubeDL.py", line 1093, in trouble
    raise DownloadError(message, exc_info)
yt_dlp.utils.DownloadError: [0;31mERROR:[0m [Douyin] 7597267023357612160: Fresh cookies (not necessarily logged in) are needed


==================================================
TIME: 2026-01-21 03:20:28.789381
URL: https://v.douyin.com/IKouy_Ej3X8
ERROR TYPE: DownloadError
ERROR MSG: [0;31mERROR:[0m [Douyin] 7597267023357612160: Fresh cookies (not necessarily logged in) are needed; please report this issue on  https://github.com/yt-dlp/yt-dlp/issues?q= , filling out the appropriate issue template. Confirm you are on the latest version using  yt-dlp -U
TRACEBACK:
Traceback (most recent call last):
  File "C:\Users\phult\AppData\Local\Python\pythoncore-3.14-64\Lib\site-packages\yt_dlp\YoutubeDL.py", line 1696, in wrapper
    return func(self, *args, **kwargs)
  File "C:\Users\phult\AppData\Local\Python\pythoncore-3.14-64\Lib\site-packages\yt_dlp\YoutubeDL.py", line 1831, in __extract_info
    ie_result = ie.extract(url)
  File "C:\Users\phult\AppData\Local\Python\pythoncore-3.14-64\Lib\site-packages\yt_dlp\extractor\common.py", line 762, in extract
    ie_result = self._real_extract(url)
  File "C:\Users\phult\AppData\Local\Python\pythoncore-3.14-64\Lib\site-packages\yt_dlp\extractor\tiktok.py", line 1395, in _real_extract
    raise ExtractorError(
        'Fresh cookies (not necessarily logged in) are needed',
        expected=not self._get_cookies(self._WEBPAGE_HOST).get('s_v_web_id'))
yt_dlp.utils.ExtractorError: [Douyin] 7597267023357612160: Fresh cookies (not necessarily logged in) are needed; please report this issue on  https://github.com/yt-dlp/yt-dlp/issues?q= , filling out the appropriate issue template. Confirm you are on the latest version using  yt-dlp -U

During handling of the above exception, another exception occurred:

Traceback (most recent call last):
  File "D:\Tsufutube\core.py", line 536, in _download_general_ytdlp
    raise e # Other error (Network, etc)
    ^^^^^^^
  File "D:\Tsufutube\core.py", line 515, in _download_general_ytdlp
    info = ydl.extract_info(task["url"], download=False)
  File "C:\Users\phult\AppData\Local\Python\pythoncore-3.14-64\Lib\site-packages\yt_dlp\YoutubeDL.py", line 1685, in extract_info
    return self.__extract_info(url, self.get_info_extractor(key), download, extra_info, process)
           ~~~~~~~~~~~~~~~~~~~^^^^^^^^^^^^^^^^^^^^^^^^^^^^^^^^^^^^^^^^^^^^^^^^^^^^^^^^^^^^^^^^^^
  File "C:\Users\phult\AppData\Local\Python\pythoncore-3.14-64\Lib\site-packages\yt_dlp\YoutubeDL.py", line 1696, in wrapper
    return func(self, *args, **kwargs)
  File "C:\Users\phult\AppData\Local\Python\pythoncore-3.14-64\Lib\site-packages\yt_dlp\YoutubeDL.py", line 1852, in __extract_info
    return self.process_ie_result(ie_result, download, extra_info)
           ~~~~~~~~~~~~~~~~~~~~~~^^^^^^^^^^^^^^^^^^^^^^^^^^^^^^^^^
  File "C:\Users\phult\AppData\Local\Python\pythoncore-3.14-64\Lib\site-packages\yt_dlp\YoutubeDL.py", line 1931, in process_ie_result
    return self.extract_info(
           ~~~~~~~~~~~~~~~~~^
        ie_result['url'], download,
        ^^^^^^^^^^^^^^^^^^^^^^^^^^^
        ie_key=ie_result.get('ie_key'),
        ^^^^^^^^^^^^^^^^^^^^^^^^^^^^^^^
        extra_info=extra_info)
        ^^^^^^^^^^^^^^^^^^^^^^
  File "C:\Users\phult\AppData\Local\Python\pythoncore-3.14-64\Lib\site-packages\yt_dlp\YoutubeDL.py", line 1685, in extract_info
    return self.__extract_info(url, self.get_info_extractor(key), download, extra_info, process)
           ~~~~~~~~~~~~~~~~~~~^^^^^^^^^^^^^^^^^^^^^^^^^^^^^^^^^^^^^^^^^^^^^^^^^^^^^^^^^^^^^^^^^^
  File "C:\Users\phult\AppData\Local\Python\pythoncore-3.14-64\Lib\site-packages\yt_dlp\YoutubeDL.py", line 1714, in wrapper
    self.report_error(str(e), e.format_traceback())
    ~~~~~~~~~~~~~~~~~^^^^^^^^^^^^^^^^^^^^^^^^^^^^^^
  File "C:\Users\phult\AppData\Local\Python\pythoncore-3.14-64\Lib\site-packages\yt_dlp\YoutubeDL.py", line 1154, in report_error
    self.trouble(f'{self._format_err("ERROR:", self.Styles.ERROR)} {message}', *args, **kwargs)
    ~~~~~~~~~~~~^^^^^^^^^^^^^^^^^^^^^^^^^^^^^^^^^^^^^^^^^^^^^^^^^^^^^^^^^^^^^^^^^^^^^^^^^^^^^^^
  File "C:\Users\phult\AppData\Local\Python\pythoncore-3.14-64\Lib\site-packages\yt_dlp\YoutubeDL.py", line 1093, in trouble
    raise DownloadError(message, exc_info)
yt_dlp.utils.DownloadError: [0;31mERROR:[0m [Douyin] 7597267023357612160: Fresh cookies (not necessarily logged in) are needed; please report this issue on  https://github.com/yt-dlp/yt-dlp/issues?q= , filling out the appropriate issue template. Confirm you are on the latest version using  yt-dlp -U


==================================================
TIME: 2026-01-21 03:20:41.431265
URL: https://www.youtube.com/watch?v=zjEMFuj23B4&list=RDGMEMCMFH2exzjBeE_zAHHJOdxgVMJtm6ikBIl0g&index=15
ERROR TYPE: DownloadError
ERROR MSG: [0;31mERROR:[0m [youtube] zjEMFuj23B4: Sign in to confirm youâ€™re not a bot. Use --cookies-from-browser or --cookies for the authentication. See  https://github.com/yt-dlp/yt-dlp/wiki/FAQ#how-do-i-pass-cookies-to-yt-dlp  for how to manually pass cookies. Also see  https://github.com/yt-dlp/yt-dlp/wiki/Extractors#exporting-youtube-cookies  for tips on effectively exporting YouTube cookies
TRACEBACK:
Traceback (most recent call last):
  File "C:\Users\phult\AppData\Local\Python\pythoncore-3.14-64\Lib\site-packages\yt_dlp\YoutubeDL.py", line 1696, in wrapper
    return func(self, *args, **kwargs)
  File "C:\Users\phult\AppData\Local\Python\pythoncore-3.14-64\Lib\site-packages\yt_dlp\YoutubeDL.py", line 1831, in __extract_info
    ie_result = ie.extract(url)
  File "C:\Users\phult\AppData\Local\Python\pythoncore-3.14-64\Lib\site-packages\yt_dlp\extractor\common.py", line 762, in extract
    ie_result = self._real_extract(url)
  File "C:\Users\phult\AppData\Local\Python\pythoncore-3.14-64\Lib\site-packages\yt_dlp\extractor\youtube\_video.py", line 3910, in _real_extract
    self.raise_no_formats(reason, expected=True)
    ~~~~~~~~~~~~~~~~~~~~~^^^^^^^^^^^^^^^^^^^^^^^
  File "C:\Users\phult\AppData\Local\Python\pythoncore-3.14-64\Lib\site-packages\yt_dlp\extractor\common.py", line 1274, in raise_no_formats
    raise ExtractorError(msg, expected=expected, video_id=video_id)
yt_dlp.utils.ExtractorError: [youtube] zjEMFuj23B4: Sign in to confirm youâ€™re not a bot. Use --cookies-from-browser or --cookies for the authentication. See  https://github.com/yt-dlp/yt-dlp/wiki/FAQ#how-do-i-pass-cookies-to-yt-dlp  for how to manually pass cookies. Also see  https://github.com/yt-dlp/yt-dlp/wiki/Extractors#exporting-youtube-cookies  for tips on effectively exporting YouTube cookies

During handling of the above exception, another exception occurred:

Traceback (most recent call last):
  File "D:\Tsufutube\core.py", line 536, in _download_general_ytdlp
    raise e # Other error (Network, etc)
    ^^^^^^^
  File "D:\Tsufutube\core.py", line 515, in _download_general_ytdlp
    info = ydl.extract_info(task["url"], download=False)
  File "C:\Users\phult\AppData\Local\Python\pythoncore-3.14-64\Lib\site-packages\yt_dlp\YoutubeDL.py", line 1685, in extract_info
    return self.__extract_info(url, self.get_info_extractor(key), download, extra_info, process)
           ~~~~~~~~~~~~~~~~~~~^^^^^^^^^^^^^^^^^^^^^^^^^^^^^^^^^^^^^^^^^^^^^^^^^^^^^^^^^^^^^^^^^^
  File "C:\Users\phult\AppData\Local\Python\pythoncore-3.14-64\Lib\site-packages\yt_dlp\YoutubeDL.py", line 1696, in wrapper
    return func(self, *args, **kwargs)
  File "C:\Users\phult\AppData\Local\Python\pythoncore-3.14-64\Lib\site-packages\yt_dlp\YoutubeDL.py", line 1852, in __extract_info
    return self.process_ie_result(ie_result, download, extra_info)
           ~~~~~~~~~~~~~~~~~~~~~~^^^^^^^^^^^^^^^^^^^^^^^^^^^^^^^^^
  File "C:\Users\phult\AppData\Local\Python\pythoncore-3.14-64\Lib\site-packages\yt_dlp\YoutubeDL.py", line 1931, in process_ie_result
    return self.extract_info(
           ~~~~~~~~~~~~~~~~~^
        ie_result['url'], download,
        ^^^^^^^^^^^^^^^^^^^^^^^^^^^
        ie_key=ie_result.get('ie_key'),
        ^^^^^^^^^^^^^^^^^^^^^^^^^^^^^^^
        extra_info=extra_info)
        ^^^^^^^^^^^^^^^^^^^^^^
  File "C:\Users\phult\AppData\Local\Python\pythoncore-3.14-64\Lib\site-packages\yt_dlp\YoutubeDL.py", line 1685, in extract_info
    return self.__extract_info(url, self.get_info_extractor(key), download, extra_info, process)
           ~~~~~~~~~~~~~~~~~~~^^^^^^^^^^^^^^^^^^^^^^^^^^^^^^^^^^^^^^^^^^^^^^^^^^^^^^^^^^^^^^^^^^
  File "C:\Users\phult\AppData\Local\Python\pythoncore-3.14-64\Lib\site-packages\yt_dlp\YoutubeDL.py", line 1714, in wrapper
    self.report_error(str(e), e.format_traceback())
    ~~~~~~~~~~~~~~~~~^^^^^^^^^^^^^^^^^^^^^^^^^^^^^^
  File "C:\Users\phult\AppData\Local\Python\pythoncore-3.14-64\Lib\site-packages\yt_dlp\YoutubeDL.py", line 1154, in report_error
    self.trouble(f'{self._format_err("ERROR:", self.Styles.ERROR)} {message}', *args, **kwargs)
    ~~~~~~~~~~~~^^^^^^^^^^^^^^^^^^^^^^^^^^^^^^^^^^^^^^^^^^^^^^^^^^^^^^^^^^^^^^^^^^^^^^^^^^^^^^^
  File "C:\Users\phult\AppData\Local\Python\pythoncore-3.14-64\Lib\site-packages\yt_dlp\YoutubeDL.py", line 1093, in trouble
    raise DownloadError(message, exc_info)
yt_dlp.utils.DownloadError: [0;31mERROR:[0m [youtube] zjEMFuj23B4: Sign in to confirm youâ€™re not a bot. Use --cookies-from-browser or --cookies for the authentication. See  https://github.com/yt-dlp/yt-dlp/wiki/FAQ#how-do-i-pass-cookies-to-yt-dlp  for how to manually pass cookies. Also see  https://github.com/yt-dlp/yt-dlp/wiki/Extractors#exporting-youtube-cookies  for tips on effectively exporting YouTube cookies


==================================================
TIME: 2026-01-21 03:21:59.927330
URL: https://v.douyin.com/IKouy_Ej3X8
ERROR TYPE: DownloadError
ERROR MSG: [0;31mERROR:[0m [Douyin] 7597267023357612160: Fresh cookies (not necessarily logged in) are needed
TRACEBACK:
Traceback (most recent call last):
  File "C:\Users\phult\AppData\Local\Python\pythoncore-3.14-64\Lib\site-packages\yt_dlp\YoutubeDL.py", line 1696, in wrapper
    return func(self, *args, **kwargs)
  File "C:\Users\phult\AppData\Local\Python\pythoncore-3.14-64\Lib\site-packages\yt_dlp\YoutubeDL.py", line 1831, in __extract_info
    ie_result = ie.extract(url)
  File "C:\Users\phult\AppData\Local\Python\pythoncore-3.14-64\Lib\site-packages\yt_dlp\extractor\common.py", line 762, in extract
    ie_result = self._real_extract(url)
  File "C:\Users\phult\AppData\Local\Python\pythoncore-3.14-64\Lib\site-packages\yt_dlp\extractor\tiktok.py", line 1395, in _real_extract
    raise ExtractorError(
        'Fresh cookies (not necessarily logged in) are needed',
        expected=not self._get_cookies(self._WEBPAGE_HOST).get('s_v_web_id'))
yt_dlp.utils.ExtractorError: [Douyin] 7597267023357612160: Fresh cookies (not necessarily logged in) are needed

During handling of the above exception, another exception occurred:

Traceback (most recent call last):
  File "D:\Tsufutube\core.py", line 536, in _download_general_ytdlp
    raise e # Other error (Network, etc)
    ^^^^^^^
  File "D:\Tsufutube\core.py", line 515, in _download_general_ytdlp
    info = ydl.extract_info(task["url"], download=False)
  File "C:\Users\phult\AppData\Local\Python\pythoncore-3.14-64\Lib\site-packages\yt_dlp\YoutubeDL.py", line 1685, in extract_info
    return self.__extract_info(url, self.get_info_extractor(key), download, extra_info, process)
           ~~~~~~~~~~~~~~~~~~~^^^^^^^^^^^^^^^^^^^^^^^^^^^^^^^^^^^^^^^^^^^^^^^^^^^^^^^^^^^^^^^^^^
  File "C:\Users\phult\AppData\Local\Python\pythoncore-3.14-64\Lib\site-packages\yt_dlp\YoutubeDL.py", line 1696, in wrapper
    return func(self, *args, **kwargs)
  File "C:\Users\phult\AppData\Local\Python\pythoncore-3.14-64\Lib\site-packages\yt_dlp\YoutubeDL.py", line 1852, in __extract_info
    return self.process_ie_result(ie_result, download, extra_info)
           ~~~~~~~~~~~~~~~~~~~~~~^^^^^^^^^^^^^^^^^^^^^^^^^^^^^^^^^
  File "C:\Users\phult\AppData\Local\Python\pythoncore-3.14-64\Lib\site-packages\yt_dlp\YoutubeDL.py", line 1931, in process_ie_result
    return self.extract_info(
           ~~~~~~~~~~~~~~~~~^
        ie_result['url'], download,
        ^^^^^^^^^^^^^^^^^^^^^^^^^^^
        ie_key=ie_result.get('ie_key'),
        ^^^^^^^^^^^^^^^^^^^^^^^^^^^^^^^
        extra_info=extra_info)
        ^^^^^^^^^^^^^^^^^^^^^^
  File "C:\Users\phult\AppData\Local\Python\pythoncore-3.14-64\Lib\site-packages\yt_dlp\YoutubeDL.py", line 1685, in extract_info
    return self.__extract_info(url, self.get_info_extractor(key), download, extra_info, process)
           ~~~~~~~~~~~~~~~~~~~^^^^^^^^^^^^^^^^^^^^^^^^^^^^^^^^^^^^^^^^^^^^^^^^^^^^^^^^^^^^^^^^^^
  File "C:\Users\phult\AppData\Local\Python\pythoncore-3.14-64\Lib\site-packages\yt_dlp\YoutubeDL.py", line 1714, in wrapper
    self.report_error(str(e), e.format_traceback())
    ~~~~~~~~~~~~~~~~~^^^^^^^^^^^^^^^^^^^^^^^^^^^^^^
  File "C:\Users\phult\AppData\Local\Python\pythoncore-3.14-64\Lib\site-packages\yt_dlp\YoutubeDL.py", line 1154, in report_error
    self.trouble(f'{self._format_err("ERROR:", self.Styles.ERROR)} {message}', *args, **kwargs)
    ~~~~~~~~~~~~^^^^^^^^^^^^^^^^^^^^^^^^^^^^^^^^^^^^^^^^^^^^^^^^^^^^^^^^^^^^^^^^^^^^^^^^^^^^^^^
  File "C:\Users\phult\AppData\Local\Python\pythoncore-3.14-64\Lib\site-packages\yt_dlp\YoutubeDL.py", line 1093, in trouble
    raise DownloadError(message, exc_info)
yt_dlp.utils.DownloadError: [0;31mERROR:[0m [Douyin] 7597267023357612160: Fresh cookies (not necessarily logged in) are needed


==================================================
TIME: 2026-01-21 03:22:52.390175
URL: https://v.douyin.com/IKouy_Ej3X8
ERROR TYPE: DownloadError
ERROR MSG: [0;31mERROR:[0m [Douyin] 7597267023357612160: Fresh cookies (not necessarily logged in) are needed; please report this issue on  https://github.com/yt-dlp/yt-dlp/issues?q= , filling out the appropriate issue template. Confirm you are on the latest version using  yt-dlp -U
TRACEBACK:
Traceback (most recent call last):
  File "C:\Users\phult\AppData\Local\Python\pythoncore-3.14-64\Lib\site-packages\yt_dlp\YoutubeDL.py", line 1696, in wrapper
    return func(self, *args, **kwargs)
  File "C:\Users\phult\AppData\Local\Python\pythoncore-3.14-64\Lib\site-packages\yt_dlp\YoutubeDL.py", line 1831, in __extract_info
    ie_result = ie.extract(url)
  File "C:\Users\phult\AppData\Local\Python\pythoncore-3.14-64\Lib\site-packages\yt_dlp\extractor\common.py", line 762, in extract
    ie_result = self._real_extract(url)
  File "C:\Users\phult\AppData\Local\Python\pythoncore-3.14-64\Lib\site-packages\yt_dlp\extractor\tiktok.py", line 1395, in _real_extract
    raise ExtractorError(
        'Fresh cookies (not necessarily logged in) are needed',
        expected=not self._get_cookies(self._WEBPAGE_HOST).get('s_v_web_id'))
yt_dlp.utils.ExtractorError: [Douyin] 7597267023357612160: Fresh cookies (not necessarily logged in) are needed; please report this issue on  https://github.com/yt-dlp/yt-dlp/issues?q= , filling out the appropriate issue template. Confirm you are on the latest version using  yt-dlp -U

During handling of the above exception, another exception occurred:

Traceback (most recent call last):
  File "D:\Tsufutube\core.py", line 536, in _download_general_ytdlp
    raise e # Other error (Network, etc)
    ^^^^^^^
  File "D:\Tsufutube\core.py", line 515, in _download_general_ytdlp
    info = ydl.extract_info(task["url"], download=False)
  File "C:\Users\phult\AppData\Local\Python\pythoncore-3.14-64\Lib\site-packages\yt_dlp\YoutubeDL.py", line 1685, in extract_info
    return self.__extract_info(url, self.get_info_extractor(key), download, extra_info, process)
           ~~~~~~~~~~~~~~~~~~~^^^^^^^^^^^^^^^^^^^^^^^^^^^^^^^^^^^^^^^^^^^^^^^^^^^^^^^^^^^^^^^^^^
  File "C:\Users\phult\AppData\Local\Python\pythoncore-3.14-64\Lib\site-packages\yt_dlp\YoutubeDL.py", line 1696, in wrapper
    return func(self, *args, **kwargs)
  File "C:\Users\phult\AppData\Local\Python\pythoncore-3.14-64\Lib\site-packages\yt_dlp\YoutubeDL.py", line 1852, in __extract_info
    return self.process_ie_result(ie_result, download, extra_info)
           ~~~~~~~~~~~~~~~~~~~~~~^^^^^^^^^^^^^^^^^^^^^^^^^^^^^^^^^
  File "C:\Users\phult\AppData\Local\Python\pythoncore-3.14-64\Lib\site-packages\yt_dlp\YoutubeDL.py", line 1931, in process_ie_result
    return self.extract_info(
           ~~~~~~~~~~~~~~~~~^
        ie_result['url'], download,
        ^^^^^^^^^^^^^^^^^^^^^^^^^^^
        ie_key=ie_result.get('ie_key'),
        ^^^^^^^^^^^^^^^^^^^^^^^^^^^^^^^
        extra_info=extra_info)
        ^^^^^^^^^^^^^^^^^^^^^^
  File "C:\Users\phult\AppData\Local\Python\pythoncore-3.14-64\Lib\site-packages\yt_dlp\YoutubeDL.py", line 1685, in extract_info
    return self.__extract_info(url, self.get_info_extractor(key), download, extra_info, process)
           ~~~~~~~~~~~~~~~~~~~^^^^^^^^^^^^^^^^^^^^^^^^^^^^^^^^^^^^^^^^^^^^^^^^^^^^^^^^^^^^^^^^^^
  File "C:\Users\phult\AppData\Local\Python\pythoncore-3.14-64\Lib\site-packages\yt_dlp\YoutubeDL.py", line 1714, in wrapper
    self.report_error(str(e), e.format_traceback())
    ~~~~~~~~~~~~~~~~~^^^^^^^^^^^^^^^^^^^^^^^^^^^^^^
  File "C:\Users\phult\AppData\Local\Python\pythoncore-3.14-64\Lib\site-packages\yt_dlp\YoutubeDL.py", line 1154, in report_error
    self.trouble(f'{self._format_err("ERROR:", self.Styles.ERROR)} {message}', *args, **kwargs)
    ~~~~~~~~~~~~^^^^^^^^^^^^^^^^^^^^^^^^^^^^^^^^^^^^^^^^^^^^^^^^^^^^^^^^^^^^^^^^^^^^^^^^^^^^^^^
  File "C:\Users\phult\AppData\Local\Python\pythoncore-3.14-64\Lib\site-packages\yt_dlp\YoutubeDL.py", line 1093, in trouble
    raise DownloadError(message, exc_info)
yt_dlp.utils.DownloadError: [0;31mERROR:[0m [Douyin] 7597267023357612160: Fresh cookies (not necessarily logged in) are needed; please report this issue on  https://github.com/yt-dlp/yt-dlp/issues?q= , filling out the appropriate issue template. Confirm you are on the latest version using  yt-dlp -U


==================================================
TIME: 2026-01-21 03:24:48.755063
URL: https://www.douyin.com/video/7597267023357612160?previous_page=web_code_link
ERROR TYPE: DownloadError
ERROR MSG: [0;31mERROR:[0m [Douyin] 7597267023357612160: Fresh cookies (not necessarily logged in) are needed; please report this issue on  https://github.com/yt-dlp/yt-dlp/issues?q= , filling out the appropriate issue template. Confirm you are on the latest version using  yt-dlp -U
TRACEBACK:
Traceback (most recent call last):
  File "C:\Users\phult\AppData\Local\Python\pythoncore-3.14-64\Lib\site-packages\yt_dlp\YoutubeDL.py", line 1696, in wrapper
    return func(self, *args, **kwargs)
  File "C:\Users\phult\AppData\Local\Python\pythoncore-3.14-64\Lib\site-packages\yt_dlp\YoutubeDL.py", line 1831, in __extract_info
    ie_result = ie.extract(url)
  File "C:\Users\phult\AppData\Local\Python\pythoncore-3.14-64\Lib\site-packages\yt_dlp\extractor\common.py", line 762, in extract
    ie_result = self._real_extract(url)
  File "C:\Users\phult\AppData\Local\Python\pythoncore-3.14-64\Lib\site-packages\yt_dlp\extractor\tiktok.py", line 1395, in _real_extract
    raise ExtractorError(
        'Fresh cookies (not necessarily logged in) are needed',
        expected=not self._get_cookies(self._WEBPAGE_HOST).get('s_v_web_id'))
yt_dlp.utils.ExtractorError: [Douyin] 7597267023357612160: Fresh cookies (not necessarily logged in) are needed; please report this issue on  https://github.com/yt-dlp/yt-dlp/issues?q= , filling out the appropriate issue template. Confirm you are on the latest version using  yt-dlp -U

During handling of the above exception, another exception occurred:

Traceback (most recent call last):
  File "D:\Tsufutube\core.py", line 536, in _download_general_ytdlp
    raise e # Other error (Network, etc)
    ^^^^^^^
  File "D:\Tsufutube\core.py", line 515, in _download_general_ytdlp
    info = ydl.extract_info(task["url"], download=False)
  File "C:\Users\phult\AppData\Local\Python\pythoncore-3.14-64\Lib\site-packages\yt_dlp\YoutubeDL.py", line 1685, in extract_info
    return self.__extract_info(url, self.get_info_extractor(key), download, extra_info, process)
           ~~~~~~~~~~~~~~~~~~~^^^^^^^^^^^^^^^^^^^^^^^^^^^^^^^^^^^^^^^^^^^^^^^^^^^^^^^^^^^^^^^^^^
  File "C:\Users\phult\AppData\Local\Python\pythoncore-3.14-64\Lib\site-packages\yt_dlp\YoutubeDL.py", line 1714, in wrapper
    self.report_error(str(e), e.format_traceback())
    ~~~~~~~~~~~~~~~~~^^^^^^^^^^^^^^^^^^^^^^^^^^^^^^
  File "C:\Users\phult\AppData\Local\Python\pythoncore-3.14-64\Lib\site-packages\yt_dlp\YoutubeDL.py", line 1154, in report_error
    self.trouble(f'{self._format_err("ERROR:", self.Styles.ERROR)} {message}', *args, **kwargs)
    ~~~~~~~~~~~~^^^^^^^^^^^^^^^^^^^^^^^^^^^^^^^^^^^^^^^^^^^^^^^^^^^^^^^^^^^^^^^^^^^^^^^^^^^^^^^
  File "C:\Users\phult\AppData\Local\Python\pythoncore-3.14-64\Lib\site-packages\yt_dlp\YoutubeDL.py", line 1093, in trouble
    raise DownloadError(message, exc_info)
yt_dlp.utils.DownloadError: [0;31mERROR:[0m [Douyin] 7597267023357612160: Fresh cookies (not necessarily logged in) are needed; please report this issue on  https://github.com/yt-dlp/yt-dlp/issues?q= , filling out the appropriate issue template. Confirm you are on the latest version using  yt-dlp -U


==================================================
TIME: 2026-01-21 03:24:58.906222
URL: https://www.douyin.com/video/7597267023357612160
ERROR TYPE: DownloadError
ERROR MSG: [0;31mERROR:[0m [Douyin] 7597267023357612160: Fresh cookies (not necessarily logged in) are needed; please report this issue on  https://github.com/yt-dlp/yt-dlp/issues?q= , filling out the appropriate issue template. Confirm you are on the latest version using  yt-dlp -U
TRACEBACK:
Traceback (most recent call last):
  File "C:\Users\phult\AppData\Local\Python\pythoncore-3.14-64\Lib\site-packages\yt_dlp\YoutubeDL.py", line 1696, in wrapper
    return func(self, *args, **kwargs)
  File "C:\Users\phult\AppData\Local\Python\pythoncore-3.14-64\Lib\site-packages\yt_dlp\YoutubeDL.py", line 1831, in __extract_info
    ie_result = ie.extract(url)
  File "C:\Users\phult\AppData\Local\Python\pythoncore-3.14-64\Lib\site-packages\yt_dlp\extractor\common.py", line 762, in extract
    ie_result = self._real_extract(url)
  File "C:\Users\phult\AppData\Local\Python\pythoncore-3.14-64\Lib\site-packages\yt_dlp\extractor\tiktok.py", line 1395, in _real_extract
    raise ExtractorError(
        'Fresh cookies (not necessarily logged in) are needed',
        expected=not self._get_cookies(self._WEBPAGE_HOST).get('s_v_web_id'))
yt_dlp.utils.ExtractorError: [Douyin] 7597267023357612160: Fresh cookies (not necessarily logged in) are needed; please report this issue on  https://github.com/yt-dlp/yt-dlp/issues?q= , filling out the appropriate issue template. Confirm you are on the latest version using  yt-dlp -U

During handling of the above exception, another exception occurred:

Traceback (most recent call last):
  File "D:\Tsufutube\core.py", line 536, in _download_general_ytdlp
    raise e # Other error (Network, etc)
    ^^^^^^^
  File "D:\Tsufutube\core.py", line 515, in _download_general_ytdlp
    info = ydl.extract_info(task["url"], download=False)
  File "C:\Users\phult\AppData\Local\Python\pythoncore-3.14-64\Lib\site-packages\yt_dlp\YoutubeDL.py", line 1685, in extract_info
    return self.__extract_info(url, self.get_info_extractor(key), download, extra_info, process)
           ~~~~~~~~~~~~~~~~~~~^^^^^^^^^^^^^^^^^^^^^^^^^^^^^^^^^^^^^^^^^^^^^^^^^^^^^^^^^^^^^^^^^^
  File "C:\Users\phult\AppData\Local\Python\pythoncore-3.14-64\Lib\site-packages\yt_dlp\YoutubeDL.py", line 1714, in wrapper
    self.report_error(str(e), e.format_traceback())
    ~~~~~~~~~~~~~~~~~^^^^^^^^^^^^^^^^^^^^^^^^^^^^^^
  File "C:\Users\phult\AppData\Local\Python\pythoncore-3.14-64\Lib\site-packages\yt_dlp\YoutubeDL.py", line 1154, in report_error
    self.trouble(f'{self._format_err("ERROR:", self.Styles.ERROR)} {message}', *args, **kwargs)
    ~~~~~~~~~~~~^^^^^^^^^^^^^^^^^^^^^^^^^^^^^^^^^^^^^^^^^^^^^^^^^^^^^^^^^^^^^^^^^^^^^^^^^^^^^^^
  File "C:\Users\phult\AppData\Local\Python\pythoncore-3.14-64\Lib\site-packages\yt_dlp\YoutubeDL.py", line 1093, in trouble
    raise DownloadError(message, exc_info)
yt_dlp.utils.DownloadError: [0;31mERROR:[0m [Douyin] 7597267023357612160: Fresh cookies (not necessarily logged in) are needed; please report this issue on  https://github.com/yt-dlp/yt-dlp/issues?q= , filling out the appropriate issue template. Confirm you are on the latest version using  yt-dlp -U


==================================================
TIME: 2026-01-21 03:25:35.388493
URL: https://www.douyin.com/video/7597267023357612160
ERROR TYPE: DownloadError
ERROR MSG: [0;31mERROR:[0m [Douyin] 7597267023357612160: Fresh cookies (not necessarily logged in) are needed; please report this issue on  https://github.com/yt-dlp/yt-dlp/issues?q= , filling out the appropriate issue template. Confirm you are on the latest version using  yt-dlp -U
TRACEBACK:
Traceback (most recent call last):
  File "C:\Users\phult\AppData\Local\Python\pythoncore-3.14-64\Lib\site-packages\yt_dlp\YoutubeDL.py", line 1696, in wrapper
    return func(self, *args, **kwargs)
  File "C:\Users\phult\AppData\Local\Python\pythoncore-3.14-64\Lib\site-packages\yt_dlp\YoutubeDL.py", line 1831, in __extract_info
    ie_result = ie.extract(url)
  File "C:\Users\phult\AppData\Local\Python\pythoncore-3.14-64\Lib\site-packages\yt_dlp\extractor\common.py", line 762, in extract
    ie_result = self._real_extract(url)
  File "C:\Users\phult\AppData\Local\Python\pythoncore-3.14-64\Lib\site-packages\yt_dlp\extractor\tiktok.py", line 1395, in _real_extract
    raise ExtractorError(
        'Fresh cookies (not necessarily logged in) are needed',
        expected=not self._get_cookies(self._WEBPAGE_HOST).get('s_v_web_id'))
yt_dlp.utils.ExtractorError: [Douyin] 7597267023357612160: Fresh cookies (not necessarily logged in) are needed; please report this issue on  https://github.com/yt-dlp/yt-dlp/issues?q= , filling out the appropriate issue template. Confirm you are on the latest version using  yt-dlp -U

During handling of the above exception, another exception occurred:

Traceback (most recent call last):
  File "D:\Tsufutube\core.py", line 536, in _download_general_ytdlp
    raise e # Other error (Network, etc)
    ^^^^^^^
  File "D:\Tsufutube\core.py", line 515, in _download_general_ytdlp
    info = ydl.extract_info(task["url"], download=False)
  File "C:\Users\phult\AppData\Local\Python\pythoncore-3.14-64\Lib\site-packages\yt_dlp\YoutubeDL.py", line 1685, in extract_info
    return self.__extract_info(url, self.get_info_extractor(key), download, extra_info, process)
           ~~~~~~~~~~~~~~~~~~~^^^^^^^^^^^^^^^^^^^^^^^^^^^^^^^^^^^^^^^^^^^^^^^^^^^^^^^^^^^^^^^^^^
  File "C:\Users\phult\AppData\Local\Python\pythoncore-3.14-64\Lib\site-packages\yt_dlp\YoutubeDL.py", line 1714, in wrapper
    self.report_error(str(e), e.format_traceback())
    ~~~~~~~~~~~~~~~~~^^^^^^^^^^^^^^^^^^^^^^^^^^^^^^
  File "C:\Users\phult\AppData\Local\Python\pythoncore-3.14-64\Lib\site-packages\yt_dlp\YoutubeDL.py", line 1154, in report_error
    self.trouble(f'{self._format_err("ERROR:", self.Styles.ERROR)} {message}', *args, **kwargs)
    ~~~~~~~~~~~~^^^^^^^^^^^^^^^^^^^^^^^^^^^^^^^^^^^^^^^^^^^^^^^^^^^^^^^^^^^^^^^^^^^^^^^^^^^^^^^
  File "C:\Users\phult\AppData\Local\Python\pythoncore-3.14-64\Lib\site-packages\yt_dlp\YoutubeDL.py", line 1093, in trouble
    raise DownloadError(message, exc_info)
yt_dlp.utils.DownloadError: [0;31mERROR:[0m [Douyin] 7597267023357612160: Fresh cookies (not necessarily logged in) are needed; please report this issue on  https://github.com/yt-dlp/yt-dlp/issues?q= , filling out the appropriate issue template. Confirm you are on the latest version using  yt-dlp -U


==================================================
TIME: 2026-01-21 03:26:20.659707
URL: https://www.douyin.com/video/7597267023357612160
ERROR TYPE: DownloadError
ERROR MSG: [0;31mERROR:[0m [Douyin] 7597267023357612160: Fresh cookies (not necessarily logged in) are needed; please report this issue on  https://github.com/yt-dlp/yt-dlp/issues?q= , filling out the appropriate issue template. Confirm you are on the latest version using  yt-dlp -U
TRACEBACK:
Traceback (most recent call last):
  File "C:\Users\phult\AppData\Local\Python\pythoncore-3.14-64\Lib\site-packages\yt_dlp\YoutubeDL.py", line 1696, in wrapper
    return func(self, *args, **kwargs)
  File "C:\Users\phult\AppData\Local\Python\pythoncore-3.14-64\Lib\site-packages\yt_dlp\YoutubeDL.py", line 1831, in __extract_info
    ie_result = ie.extract(url)
  File "C:\Users\phult\AppData\Local\Python\pythoncore-3.14-64\Lib\site-packages\yt_dlp\extractor\common.py", line 762, in extract
    ie_result = self._real_extract(url)
  File "C:\Users\phult\AppData\Local\Python\pythoncore-3.14-64\Lib\site-packages\yt_dlp\extractor\tiktok.py", line 1395, in _real_extract
    raise ExtractorError(
        'Fresh cookies (not necessarily logged in) are needed',
        expected=not self._get_cookies(self._WEBPAGE_HOST).get('s_v_web_id'))
yt_dlp.utils.ExtractorError: [Douyin] 7597267023357612160: Fresh cookies (not necessarily logged in) are needed; please report this issue on  https://github.com/yt-dlp/yt-dlp/issues?q= , filling out the appropriate issue template. Confirm you are on the latest version using  yt-dlp -U

During handling of the above exception, another exception occurred:

Traceback (most recent call last):
  File "D:\Tsufutube\core.py", line 536, in _download_general_ytdlp
    raise e # Other error (Network, etc)
    ^^^^^^^
  File "D:\Tsufutube\core.py", line 515, in _download_general_ytdlp
    info = ydl.extract_info(task["url"], download=False)
  File "C:\Users\phult\AppData\Local\Python\pythoncore-3.14-64\Lib\site-packages\yt_dlp\YoutubeDL.py", line 1685, in extract_info
    return self.__extract_info(url, self.get_info_extractor(key), download, extra_info, process)
           ~~~~~~~~~~~~~~~~~~~^^^^^^^^^^^^^^^^^^^^^^^^^^^^^^^^^^^^^^^^^^^^^^^^^^^^^^^^^^^^^^^^^^
  File "C:\Users\phult\AppData\Local\Python\pythoncore-3.14-64\Lib\site-packages\yt_dlp\YoutubeDL.py", line 1714, in wrapper
    self.report_error(str(e), e.format_traceback())
    ~~~~~~~~~~~~~~~~~^^^^^^^^^^^^^^^^^^^^^^^^^^^^^^
  File "C:\Users\phult\AppData\Local\Python\pythoncore-3.14-64\Lib\site-packages\yt_dlp\YoutubeDL.py", line 1154, in report_error
    self.trouble(f'{self._format_err("ERROR:", self.Styles.ERROR)} {message}', *args, **kwargs)
    ~~~~~~~~~~~~^^^^^^^^^^^^^^^^^^^^^^^^^^^^^^^^^^^^^^^^^^^^^^^^^^^^^^^^^^^^^^^^^^^^^^^^^^^^^^^
  File "C:\Users\phult\AppData\Local\Python\pythoncore-3.14-64\Lib\site-packages\yt_dlp\YoutubeDL.py", line 1093, in trouble
    raise DownloadError(message, exc_info)
yt_dlp.utils.DownloadError: [0;31mERROR:[0m [Douyin] 7597267023357612160: Fresh cookies (not necessarily logged in) are needed; please report this issue on  https://github.com/yt-dlp/yt-dlp/issues?q= , filling out the appropriate issue template. Confirm you are on the latest version using  yt-dlp -U


==================================================
TIME: 2026-01-21 03:34:50.639224
URL: https://www.douyin.com/video/7597267023357612160
ERROR TYPE: DownloadError
ERROR MSG: [0;31mERROR:[0m [Douyin] 7597267023357612160: Fresh cookies (not necessarily logged in) are needed; please report this issue on  https://github.com/yt-dlp/yt-dlp/issues?q= , filling out the appropriate issue template. Confirm you are on the latest version using  yt-dlp -U
TRACEBACK:
Traceback (most recent call last):
  File "C:\Users\phult\AppData\Local\Python\pythoncore-3.14-64\Lib\site-packages\yt_dlp\YoutubeDL.py", line 1696, in wrapper
    return func(self, *args, **kwargs)
  File "C:\Users\phult\AppData\Local\Python\pythoncore-3.14-64\Lib\site-packages\yt_dlp\YoutubeDL.py", line 1831, in __extract_info
    ie_result = ie.extract(url)
  File "C:\Users\phult\AppData\Local\Python\pythoncore-3.14-64\Lib\site-packages\yt_dlp\extractor\common.py", line 762, in extract
    ie_result = self._real_extract(url)
  File "C:\Users\phult\AppData\Local\Python\pythoncore-3.14-64\Lib\site-packages\yt_dlp\extractor\tiktok.py", line 1395, in _real_extract
    raise ExtractorError(
        'Fresh cookies (not necessarily logged in) are needed',
        expected=not self._get_cookies(self._WEBPAGE_HOST).get('s_v_web_id'))
yt_dlp.utils.ExtractorError: [Douyin] 7597267023357612160: Fresh cookies (not necessarily logged in) are needed; please report this issue on  https://github.com/yt-dlp/yt-dlp/issues?q= , filling out the appropriate issue template. Confirm you are on the latest version using  yt-dlp -U

During handling of the above exception, another exception occurred:

Traceback (most recent call last):
  File "D:\Tsufutube\core.py", line 555, in _download_general_ytdlp
    raise e # Other error (Network, etc)
    ^^^^^^^
  File "D:\Tsufutube\core.py", line 534, in _download_general_ytdlp
    info = ydl.extract_info(task["url"], download=False)
  File "C:\Users\phult\AppData\Local\Python\pythoncore-3.14-64\Lib\site-packages\yt_dlp\YoutubeDL.py", line 1685, in extract_info
    return self.__extract_info(url, self.get_info_extractor(key), download, extra_info, process)
           ~~~~~~~~~~~~~~~~~~~^^^^^^^^^^^^^^^^^^^^^^^^^^^^^^^^^^^^^^^^^^^^^^^^^^^^^^^^^^^^^^^^^^
  File "C:\Users\phult\AppData\Local\Python\pythoncore-3.14-64\Lib\site-packages\yt_dlp\YoutubeDL.py", line 1714, in wrapper
    self.report_error(str(e), e.format_traceback())
    ~~~~~~~~~~~~~~~~~^^^^^^^^^^^^^^^^^^^^^^^^^^^^^^
  File "C:\Users\phult\AppData\Local\Python\pythoncore-3.14-64\Lib\site-packages\yt_dlp\YoutubeDL.py", line 1154, in report_error
    self.trouble(f'{self._format_err("ERROR:", self.Styles.ERROR)} {message}', *args, **kwargs)
    ~~~~~~~~~~~~^^^^^^^^^^^^^^^^^^^^^^^^^^^^^^^^^^^^^^^^^^^^^^^^^^^^^^^^^^^^^^^^^^^^^^^^^^^^^^^
  File "C:\Users\phult\AppData\Local\Python\pythoncore-3.14-64\Lib\site-packages\yt_dlp\YoutubeDL.py", line 1093, in trouble
    raise DownloadError(message, exc_info)
yt_dlp.utils.DownloadError: [0;31mERROR:[0m [Douyin] 7597267023357612160: Fresh cookies (not necessarily logged in) are needed; please report this issue on  https://github.com/yt-dlp/yt-dlp/issues?q= , filling out the appropriate issue template. Confirm you are on the latest version using  yt-dlp -U


==================================================
TIME: 2026-01-21 03:35:00.226812
URL: https://www.douyin.com/video/7597267023357612160
ERROR TYPE: DownloadError
ERROR MSG: [0;31mERROR:[0m [Douyin] 7597267023357612160: Fresh cookies (not necessarily logged in) are needed; please report this issue on  https://github.com/yt-dlp/yt-dlp/issues?q= , filling out the appropriate issue template. Confirm you are on the latest version using  yt-dlp -U
TRACEBACK:
Traceback (most recent call last):
  File "C:\Users\phult\AppData\Local\Python\pythoncore-3.14-64\Lib\site-packages\yt_dlp\YoutubeDL.py", line 1696, in wrapper
    return func(self, *args, **kwargs)
  File "C:\Users\phult\AppData\Local\Python\pythoncore-3.14-64\Lib\site-packages\yt_dlp\YoutubeDL.py", line 1831, in __extract_info
    ie_result = ie.extract(url)
  File "C:\Users\phult\AppData\Local\Python\pythoncore-3.14-64\Lib\site-packages\yt_dlp\extractor\common.py", line 762, in extract
    ie_result = self._real_extract(url)
  File "C:\Users\phult\AppData\Local\Python\pythoncore-3.14-64\Lib\site-packages\yt_dlp\extractor\tiktok.py", line 1395, in _real_extract
    raise ExtractorError(
        'Fresh cookies (not necessarily logged in) are needed',
        expected=not self._get_cookies(self._WEBPAGE_HOST).get('s_v_web_id'))
yt_dlp.utils.ExtractorError: [Douyin] 7597267023357612160: Fresh cookies (not necessarily logged in) are needed; please report this issue on  https://github.com/yt-dlp/yt-dlp/issues?q= , filling out the appropriate issue template. Confirm you are on the latest version using  yt-dlp -U

During handling of the above exception, another exception occurred:

Traceback (most recent call last):
  File "D:\Tsufutube\core.py", line 555, in _download_general_ytdlp
    raise e # Other error (Network, etc)
    ^^^^^^^
  File "D:\Tsufutube\core.py", line 534, in _download_general_ytdlp
    info = ydl.extract_info(task["url"], download=False)
  File "C:\Users\phult\AppData\Local\Python\pythoncore-3.14-64\Lib\site-packages\yt_dlp\YoutubeDL.py", line 1685, in extract_info
    return self.__extract_info(url, self.get_info_extractor(key), download, extra_info, process)
           ~~~~~~~~~~~~~~~~~~~^^^^^^^^^^^^^^^^^^^^^^^^^^^^^^^^^^^^^^^^^^^^^^^^^^^^^^^^^^^^^^^^^^
  File "C:\Users\phult\AppData\Local\Python\pythoncore-3.14-64\Lib\site-packages\yt_dlp\YoutubeDL.py", line 1714, in wrapper
    self.report_error(str(e), e.format_traceback())
    ~~~~~~~~~~~~~~~~~^^^^^^^^^^^^^^^^^^^^^^^^^^^^^^
  File "C:\Users\phult\AppData\Local\Python\pythoncore-3.14-64\Lib\site-packages\yt_dlp\YoutubeDL.py", line 1154, in report_error
    self.trouble(f'{self._format_err("ERROR:", self.Styles.ERROR)} {message}', *args, **kwargs)
    ~~~~~~~~~~~~^^^^^^^^^^^^^^^^^^^^^^^^^^^^^^^^^^^^^^^^^^^^^^^^^^^^^^^^^^^^^^^^^^^^^^^^^^^^^^^
  File "C:\Users\phult\AppData\Local\Python\pythoncore-3.14-64\Lib\site-packages\yt_dlp\YoutubeDL.py", line 1093, in trouble
    raise DownloadError(message, exc_info)
yt_dlp.utils.DownloadError: [0;31mERROR:[0m [Douyin] 7597267023357612160: Fresh cookies (not necessarily logged in) are needed; please report this issue on  https://github.com/yt-dlp/yt-dlp/issues?q= , filling out the appropriate issue template. Confirm you are on the latest version using  yt-dlp -U


==================================================
TIME: 2026-01-21 03:37:05.373793
URL: https://www.youtube.com/watch?v=ARqP5ohiubY&list=RDGMEMCMFH2exzjBeE_zAHHJOdxgVMJtm6ikBIl0g&index=18
ERROR TYPE: DownloadError
ERROR MSG: [0;31mERROR:[0m [youtube] ARqP5ohiubY: Sign in to confirm youâ€™re not a bot. Use --cookies-from-browser or --cookies for the authentication. See  https://github.com/yt-dlp/yt-dlp/wiki/FAQ#how-do-i-pass-cookies-to-yt-dlp  for how to manually pass cookies. Also see  https://github.com/yt-dlp/yt-dlp/wiki/Extractors#exporting-youtube-cookies  for tips on effectively exporting YouTube cookies
TRACEBACK:
Traceback (most recent call last):
  File "C:\Users\phult\AppData\Local\Python\pythoncore-3.14-64\Lib\site-packages\yt_dlp\YoutubeDL.py", line 1696, in wrapper
    return func(self, *args, **kwargs)
  File "C:\Users\phult\AppData\Local\Python\pythoncore-3.14-64\Lib\site-packages\yt_dlp\YoutubeDL.py", line 1831, in __extract_info
    ie_result = ie.extract(url)
  File "C:\Users\phult\AppData\Local\Python\pythoncore-3.14-64\Lib\site-packages\yt_dlp\extractor\common.py", line 762, in extract
    ie_result = self._real_extract(url)
  File "C:\Users\phult\AppData\Local\Python\pythoncore-3.14-64\Lib\site-packages\yt_dlp\extractor\youtube\_video.py", line 3910, in _real_extract
    self.raise_no_formats(reason, expected=True)
    ~~~~~~~~~~~~~~~~~~~~~^^^^^^^^^^^^^^^^^^^^^^^
  File "C:\Users\phult\AppData\Local\Python\pythoncore-3.14-64\Lib\site-packages\yt_dlp\extractor\common.py", line 1274, in raise_no_formats
    raise ExtractorError(msg, expected=expected, video_id=video_id)
yt_dlp.utils.ExtractorError: [youtube] ARqP5ohiubY: Sign in to confirm youâ€™re not a bot. Use --cookies-from-browser or --cookies for the authentication. See  https://github.com/yt-dlp/yt-dlp/wiki/FAQ#how-do-i-pass-cookies-to-yt-dlp  for how to manually pass cookies. Also see  https://github.com/yt-dlp/yt-dlp/wiki/Extractors#exporting-youtube-cookies  for tips on effectively exporting YouTube cookies

During handling of the above exception, another exception occurred:

Traceback (most recent call last):
  File "D:\Tsufutube\core.py", line 555, in _download_general_ytdlp
    raise e # Other error (Network, etc)
    ^^^^^^^
  File "D:\Tsufutube\core.py", line 534, in _download_general_ytdlp
    info = ydl.extract_info(task["url"], download=False)
  File "C:\Users\phult\AppData\Local\Python\pythoncore-3.14-64\Lib\site-packages\yt_dlp\YoutubeDL.py", line 1685, in extract_info
    return self.__extract_info(url, self.get_info_extractor(key), download, extra_info, process)
           ~~~~~~~~~~~~~~~~~~~^^^^^^^^^^^^^^^^^^^^^^^^^^^^^^^^^^^^^^^^^^^^^^^^^^^^^^^^^^^^^^^^^^
  File "C:\Users\phult\AppData\Local\Python\pythoncore-3.14-64\Lib\site-packages\yt_dlp\YoutubeDL.py", line 1696, in wrapper
    return func(self, *args, **kwargs)
  File "C:\Users\phult\AppData\Local\Python\pythoncore-3.14-64\Lib\site-packages\yt_dlp\YoutubeDL.py", line 1852, in __extract_info
    return self.process_ie_result(ie_result, download, extra_info)
           ~~~~~~~~~~~~~~~~~~~~~~^^^^^^^^^^^^^^^^^^^^^^^^^^^^^^^^^
  File "C:\Users\phult\AppData\Local\Python\pythoncore-3.14-64\Lib\site-packages\yt_dlp\YoutubeDL.py", line 1931, in process_ie_result
    return self.extract_info(
           ~~~~~~~~~~~~~~~~~^
        ie_result['url'], download,
        ^^^^^^^^^^^^^^^^^^^^^^^^^^^
        ie_key=ie_result.get('ie_key'),
        ^^^^^^^^^^^^^^^^^^^^^^^^^^^^^^^
        extra_info=extra_info)
        ^^^^^^^^^^^^^^^^^^^^^^
  File "C:\Users\phult\AppData\Local\Python\pythoncore-3.14-64\Lib\site-packages\yt_dlp\YoutubeDL.py", line 1685, in extract_info
    return self.__extract_info(url, self.get_info_extractor(key), download, extra_info, process)
           ~~~~~~~~~~~~~~~~~~~^^^^^^^^^^^^^^^^^^^^^^^^^^^^^^^^^^^^^^^^^^^^^^^^^^^^^^^^^^^^^^^^^^
  File "C:\Users\phult\AppData\Local\Python\pythoncore-3.14-64\Lib\site-packages\yt_dlp\YoutubeDL.py", line 1714, in wrapper
    self.report_error(str(e), e.format_traceback())
    ~~~~~~~~~~~~~~~~~^^^^^^^^^^^^^^^^^^^^^^^^^^^^^^
  File "C:\Users\phult\AppData\Local\Python\pythoncore-3.14-64\Lib\site-packages\yt_dlp\YoutubeDL.py", line 1154, in report_error
    self.trouble(f'{self._format_err("ERROR:", self.Styles.ERROR)} {message}', *args, **kwargs)
    ~~~~~~~~~~~~^^^^^^^^^^^^^^^^^^^^^^^^^^^^^^^^^^^^^^^^^^^^^^^^^^^^^^^^^^^^^^^^^^^^^^^^^^^^^^^
  File "C:\Users\phult\AppData\Local\Python\pythoncore-3.14-64\Lib\site-packages\yt_dlp\YoutubeDL.py", line 1093, in trouble
    raise DownloadError(message, exc_info)
yt_dlp.utils.DownloadError: [0;31mERROR:[0m [youtube] ARqP5ohiubY: Sign in to confirm youâ€™re not a bot. Use --cookies-from-browser or --cookies for the authentication. See  https://github.com/yt-dlp/yt-dlp/wiki/FAQ#how-do-i-pass-cookies-to-yt-dlp  for how to manually pass cookies. Also see  https://github.com/yt-dlp/yt-dlp/wiki/Extractors#exporting-youtube-cookies  for tips on effectively exporting YouTube cookies


==================================================
TIME: 2026-01-21 04:24:49.066717
URL: https://www.dailymotion.com/video/x9y5x54
ERROR TYPE: DownloadError
ERROR MSG: [0;31mERROR:[0m [dailymotion] x9y5x54: No video formats found!; please report this issue on  https://github.com/yt-dlp/yt-dlp/issues?q= , filling out the appropriate issue template. Confirm you are on the latest version using  yt-dlp -U
TRACEBACK:
Traceback (most recent call last):
  File "C:\Users\phult\AppData\Local\Python\pythoncore-3.14-64\Lib\site-packages\yt_dlp\YoutubeDL.py", line 1696, in wrapper
    return func(self, *args, **kwargs)
  File "C:\Users\phult\AppData\Local\Python\pythoncore-3.14-64\Lib\site-packages\yt_dlp\YoutubeDL.py", line 1852, in __extract_info
    return self.process_ie_result(ie_result, download, extra_info)
           ~~~~~~~~~~~~~~~~~~~~~~^^^^^^^^^^^^^^^^^^^^^^^^^^^^^^^^^
  File "C:\Users\phult\AppData\Local\Python\pythoncore-3.14-64\Lib\site-packages\yt_dlp\YoutubeDL.py", line 1911, in process_ie_result
    ie_result = self.process_video_result(ie_result, download=download)
  File "C:\Users\phult\AppData\Local\Python\pythoncore-3.14-64\Lib\site-packages\yt_dlp\YoutubeDL.py", line 2924, in process_video_result
    self.raise_no_formats(info_dict)
    ~~~~~~~~~~~~~~~~~~~~~^^^^^^^^^^^
  File "C:\Users\phult\AppData\Local\Python\pythoncore-3.14-64\Lib\site-packages\yt_dlp\YoutubeDL.py", line 1185, in raise_no_formats
    raise ExtractorError(msg, video_id=info['id'], ie=info['extractor'],
                         expected=has_drm or ignored or expected)
yt_dlp.utils.ExtractorError: [dailymotion] x9y5x54: No video formats found!; please report this issue on  https://github.com/yt-dlp/yt-dlp/issues?q= , filling out the appropriate issue template. Confirm you are on the latest version using  yt-dlp -U

During handling of the above exception, another exception occurred:

Traceback (most recent call last):
  File "D:\Tsufutube\core.py", line 610, in _download_general_ytdlp
    raise e
  File "D:\Tsufutube\core.py", line 535, in _download_general_ytdlp
    info = ydl.extract_info(task["url"], download=False)
  File "C:\Users\phult\AppData\Local\Python\pythoncore-3.14-64\Lib\site-packages\yt_dlp\YoutubeDL.py", line 1685, in extract_info
    return self.__extract_info(url, self.get_info_extractor(key), download, extra_info, process)
           ~~~~~~~~~~~~~~~~~~~^^^^^^^^^^^^^^^^^^^^^^^^^^^^^^^^^^^^^^^^^^^^^^^^^^^^^^^^^^^^^^^^^^
  File "C:\Users\phult\AppData\Local\Python\pythoncore-3.14-64\Lib\site-packages\yt_dlp\YoutubeDL.py", line 1714, in wrapper
    self.report_error(str(e), e.format_traceback())
    ~~~~~~~~~~~~~~~~~^^^^^^^^^^^^^^^^^^^^^^^^^^^^^^
  File "C:\Users\phult\AppData\Local\Python\pythoncore-3.14-64\Lib\site-packages\yt_dlp\YoutubeDL.py", line 1154, in report_error
    self.trouble(f'{self._format_err("ERROR:", self.Styles.ERROR)} {message}', *args, **kwargs)
    ~~~~~~~~~~~~^^^^^^^^^^^^^^^^^^^^^^^^^^^^^^^^^^^^^^^^^^^^^^^^^^^^^^^^^^^^^^^^^^^^^^^^^^^^^^^
  File "C:\Users\phult\AppData\Local\Python\pythoncore-3.14-64\Lib\site-packages\yt_dlp\YoutubeDL.py", line 1093, in trouble
    raise DownloadError(message, exc_info)
yt_dlp.utils.DownloadError: [0;31mERROR:[0m [dailymotion] x9y5x54: No video formats found!; please report this issue on  https://github.com/yt-dlp/yt-dlp/issues?q= , filling out the appropriate issue template. Confirm you are on the latest version using  yt-dlp -U


==================================================
TIME: 2026-01-21 04:28:27.321271
URL: https://www.dailymotion.com/video/x9y5x54
ERROR TYPE: DownloadError
ERROR MSG: [0;31mERROR:[0m [dailymotion] x9y5x54: No video formats found!; please report this issue on  https://github.com/yt-dlp/yt-dlp/issues?q= , filling out the appropriate issue template. Confirm you are on the latest version using  yt-dlp -U
TRACEBACK:
Traceback (most recent call last):
  File "C:\Users\phult\AppData\Local\Python\pythoncore-3.14-64\Lib\site-packages\yt_dlp\YoutubeDL.py", line 1696, in wrapper
    return func(self, *args, **kwargs)
  File "C:\Users\phult\AppData\Local\Python\pythoncore-3.14-64\Lib\site-packages\yt_dlp\YoutubeDL.py", line 1852, in __extract_info
    return self.process_ie_result(ie_result, download, extra_info)
           ~~~~~~~~~~~~~~~~~~~~~~^^^^^^^^^^^^^^^^^^^^^^^^^^^^^^^^^
  File "C:\Users\phult\AppData\Local\Python\pythoncore-3.14-64\Lib\site-packages\yt_dlp\YoutubeDL.py", line 1911, in process_ie_result
    ie_result = self.process_video_result(ie_result, download=download)
  File "C:\Users\phult\AppData\Local\Python\pythoncore-3.14-64\Lib\site-packages\yt_dlp\YoutubeDL.py", line 2924, in process_video_result
    self.raise_no_formats(info_dict)
    ~~~~~~~~~~~~~~~~~~~~~^^^^^^^^^^^
  File "C:\Users\phult\AppData\Local\Python\pythoncore-3.14-64\Lib\site-packages\yt_dlp\YoutubeDL.py", line 1185, in raise_no_formats
    raise ExtractorError(msg, video_id=info['id'], ie=info['extractor'],
                         expected=has_drm or ignored or expected)
yt_dlp.utils.ExtractorError: [dailymotion] x9y5x54: No video formats found!; please report this issue on  https://github.com/yt-dlp/yt-dlp/issues?q= , filling out the appropriate issue template. Confirm you are on the latest version using  yt-dlp -U

During handling of the above exception, another exception occurred:

Traceback (most recent call last):
  File "D:\Tsufutube\core.py", line 610, in _download_general_ytdlp
    raise e
  File "D:\Tsufutube\core.py", line 535, in _download_general_ytdlp
    info = ydl.extract_info(task["url"], download=False)
  File "C:\Users\phult\AppData\Local\Python\pythoncore-3.14-64\Lib\site-packages\yt_dlp\YoutubeDL.py", line 1685, in extract_info
    return self.__extract_info(url, self.get_info_extractor(key), download, extra_info, process)
           ~~~~~~~~~~~~~~~~~~~^^^^^^^^^^^^^^^^^^^^^^^^^^^^^^^^^^^^^^^^^^^^^^^^^^^^^^^^^^^^^^^^^^
  File "C:\Users\phult\AppData\Local\Python\pythoncore-3.14-64\Lib\site-packages\yt_dlp\YoutubeDL.py", line 1714, in wrapper
    self.report_error(str(e), e.format_traceback())
    ~~~~~~~~~~~~~~~~~^^^^^^^^^^^^^^^^^^^^^^^^^^^^^^
  File "C:\Users\phult\AppData\Local\Python\pythoncore-3.14-64\Lib\site-packages\yt_dlp\YoutubeDL.py", line 1154, in report_error
    self.trouble(f'{self._format_err("ERROR:", self.Styles.ERROR)} {message}', *args, **kwargs)
    ~~~~~~~~~~~~^^^^^^^^^^^^^^^^^^^^^^^^^^^^^^^^^^^^^^^^^^^^^^^^^^^^^^^^^^^^^^^^^^^^^^^^^^^^^^^
  File "C:\Users\phult\AppData\Local\Python\pythoncore-3.14-64\Lib\site-packages\yt_dlp\YoutubeDL.py", line 1093, in trouble
    raise DownloadError(message, exc_info)
yt_dlp.utils.DownloadError: [0;31mERROR:[0m [dailymotion] x9y5x54: No video formats found!; please report this issue on  https://github.com/yt-dlp/yt-dlp/issues?q= , filling out the appropriate issue template. Confirm you are on the latest version using  yt-dlp -U


==================================================
TIME: 2026-01-21 04:29:28.551833
URL: https://www.dailymotion.com/video/x9y5x54
ERROR TYPE: DownloadError
ERROR MSG: [0;31mERROR:[0m [dailymotion] x9y5x54: No video formats found!; please report this issue on  https://github.com/yt-dlp/yt-dlp/issues?q= , filling out the appropriate issue template. Confirm you are on the latest version using  yt-dlp -U
TRACEBACK:
Traceback (most recent call last):
  File "C:\Users\phult\AppData\Local\Python\pythoncore-3.14-64\Lib\site-packages\yt_dlp\YoutubeDL.py", line 1696, in wrapper
    return func(self, *args, **kwargs)
  File "C:\Users\phult\AppData\Local\Python\pythoncore-3.14-64\Lib\site-packages\yt_dlp\YoutubeDL.py", line 1852, in __extract_info
    return self.process_ie_result(ie_result, download, extra_info)
           ~~~~~~~~~~~~~~~~~~~~~~^^^^^^^^^^^^^^^^^^^^^^^^^^^^^^^^^
  File "C:\Users\phult\AppData\Local\Python\pythoncore-3.14-64\Lib\site-packages\yt_dlp\YoutubeDL.py", line 1911, in process_ie_result
    ie_result = self.process_video_result(ie_result, download=download)
  File "C:\Users\phult\AppData\Local\Python\pythoncore-3.14-64\Lib\site-packages\yt_dlp\YoutubeDL.py", line 2924, in process_video_result
    self.raise_no_formats(info_dict)
    ~~~~~~~~~~~~~~~~~~~~~^^^^^^^^^^^
  File "C:\Users\phult\AppData\Local\Python\pythoncore-3.14-64\Lib\site-packages\yt_dlp\YoutubeDL.py", line 1185, in raise_no_formats
    raise ExtractorError(msg, video_id=info['id'], ie=info['extractor'],
                         expected=has_drm or ignored or expected)
yt_dlp.utils.ExtractorError: [dailymotion] x9y5x54: No video formats found!; please report this issue on  https://github.com/yt-dlp/yt-dlp/issues?q= , filling out the appropriate issue template. Confirm you are on the latest version using  yt-dlp -U

During handling of the above exception, another exception occurred:

Traceback (most recent call last):
  File "D:\Tsufutube\core.py", line 610, in _download_general_ytdlp
    raise e
  File "D:\Tsufutube\core.py", line 535, in _download_general_ytdlp
    info = ydl.extract_info(task["url"], download=False)
  File "C:\Users\phult\AppData\Local\Python\pythoncore-3.14-64\Lib\site-packages\yt_dlp\YoutubeDL.py", line 1685, in extract_info
    return self.__extract_info(url, self.get_info_extractor(key), download, extra_info, process)
           ~~~~~~~~~~~~~~~~~~~^^^^^^^^^^^^^^^^^^^^^^^^^^^^^^^^^^^^^^^^^^^^^^^^^^^^^^^^^^^^^^^^^^
  File "C:\Users\phult\AppData\Local\Python\pythoncore-3.14-64\Lib\site-packages\yt_dlp\YoutubeDL.py", line 1714, in wrapper
    self.report_error(str(e), e.format_traceback())
    ~~~~~~~~~~~~~~~~~^^^^^^^^^^^^^^^^^^^^^^^^^^^^^^
  File "C:\Users\phult\AppData\Local\Python\pythoncore-3.14-64\Lib\site-packages\yt_dlp\YoutubeDL.py", line 1154, in report_error
    self.trouble(f'{self._format_err("ERROR:", self.Styles.ERROR)} {message}', *args, **kwargs)
    ~~~~~~~~~~~~^^^^^^^^^^^^^^^^^^^^^^^^^^^^^^^^^^^^^^^^^^^^^^^^^^^^^^^^^^^^^^^^^^^^^^^^^^^^^^^
  File "C:\Users\phult\AppData\Local\Python\pythoncore-3.14-64\Lib\site-packages\yt_dlp\YoutubeDL.py", line 1093, in trouble
    raise DownloadError(message, exc_info)
yt_dlp.utils.DownloadError: [0;31mERROR:[0m [dailymotion] x9y5x54: No video formats found!; please report this issue on  https://github.com/yt-dlp/yt-dlp/issues?q= , filling out the appropriate issue template. Confirm you are on the latest version using  yt-dlp -U


==================================================
TIME: 2026-01-21 04:34:54.164881
URL: https://www.dailymotion.com/video/x9y5x54
ERROR TYPE: DownloadError
ERROR MSG: [0;31mERROR:[0m [dailymotion] x9y5x54: No video formats found!; please report this issue on  https://github.com/yt-dlp/yt-dlp/issues?q= , filling out the appropriate issue template. Confirm you are on the latest version using  yt-dlp -U
TRACEBACK:
Traceback (most recent call last):
  File "C:\Users\phult\AppData\Local\Python\pythoncore-3.14-64\Lib\site-packages\yt_dlp\YoutubeDL.py", line 1696, in wrapper
    return func(self, *args, **kwargs)
  File "C:\Users\phult\AppData\Local\Python\pythoncore-3.14-64\Lib\site-packages\yt_dlp\YoutubeDL.py", line 1852, in __extract_info
    return self.process_ie_result(ie_result, download, extra_info)
           ~~~~~~~~~~~~~~~~~~~~~~^^^^^^^^^^^^^^^^^^^^^^^^^^^^^^^^^
  File "C:\Users\phult\AppData\Local\Python\pythoncore-3.14-64\Lib\site-packages\yt_dlp\YoutubeDL.py", line 1911, in process_ie_result
    ie_result = self.process_video_result(ie_result, download=download)
  File "C:\Users\phult\AppData\Local\Python\pythoncore-3.14-64\Lib\site-packages\yt_dlp\YoutubeDL.py", line 2924, in process_video_result
    self.raise_no_formats(info_dict)
    ~~~~~~~~~~~~~~~~~~~~~^^^^^^^^^^^
  File "C:\Users\phult\AppData\Local\Python\pythoncore-3.14-64\Lib\site-packages\yt_dlp\YoutubeDL.py", line 1185, in raise_no_formats
    raise ExtractorError(msg, video_id=info['id'], ie=info['extractor'],
                         expected=has_drm or ignored or expected)
yt_dlp.utils.ExtractorError: [dailymotion] x9y5x54: No video formats found!; please report this issue on  https://github.com/yt-dlp/yt-dlp/issues?q= , filling out the appropriate issue template. Confirm you are on the latest version using  yt-dlp -U

During handling of the above exception, another exception occurred:

Traceback (most recent call last):
  File "D:\Tsufutube\core.py", line 610, in _download_general_ytdlp
    raise e
  File "D:\Tsufutube\core.py", line 535, in _download_general_ytdlp
    info = ydl.extract_info(task["url"], download=False)
  File "C:\Users\phult\AppData\Local\Python\pythoncore-3.14-64\Lib\site-packages\yt_dlp\YoutubeDL.py", line 1685, in extract_info
    return self.__extract_info(url, self.get_info_extractor(key), download, extra_info, process)
           ~~~~~~~~~~~~~~~~~~~^^^^^^^^^^^^^^^^^^^^^^^^^^^^^^^^^^^^^^^^^^^^^^^^^^^^^^^^^^^^^^^^^^
  File "C:\Users\phult\AppData\Local\Python\pythoncore-3.14-64\Lib\site-packages\yt_dlp\YoutubeDL.py", line 1714, in wrapper
    self.report_error(str(e), e.format_traceback())
    ~~~~~~~~~~~~~~~~~^^^^^^^^^^^^^^^^^^^^^^^^^^^^^^
  File "C:\Users\phult\AppData\Local\Python\pythoncore-3.14-64\Lib\site-packages\yt_dlp\YoutubeDL.py", line 1154, in report_error
    self.trouble(f'{self._format_err("ERROR:", self.Styles.ERROR)} {message}', *args, **kwargs)
    ~~~~~~~~~~~~^^^^^^^^^^^^^^^^^^^^^^^^^^^^^^^^^^^^^^^^^^^^^^^^^^^^^^^^^^^^^^^^^^^^^^^^^^^^^^^
  File "C:\Users\phult\AppData\Local\Python\pythoncore-3.14-64\Lib\site-packages\yt_dlp\YoutubeDL.py", line 1093, in trouble
    raise DownloadError(message, exc_info)
yt_dlp.utils.DownloadError: [0;31mERROR:[0m [dailymotion] x9y5x54: No video formats found!; please report this issue on  https://github.com/yt-dlp/yt-dlp/issues?q= , filling out the appropriate issue template. Confirm you are on the latest version using  yt-dlp -U


==================================================
TIME: 2026-01-21 04:36:08.231964
URL: https://www.dailymotion.com/video/x9y5x54
ERROR TYPE: DownloadError
ERROR MSG: [0;31mERROR:[0m [dailymotion] x9y5x54: No video formats found!; please report this issue on  https://github.com/yt-dlp/yt-dlp/issues?q= , filling out the appropriate issue template. Confirm you are on the latest version using  yt-dlp -U
TRACEBACK:
Traceback (most recent call last):
  File "C:\Users\phult\AppData\Local\Python\pythoncore-3.14-64\Lib\site-packages\yt_dlp\YoutubeDL.py", line 1696, in wrapper
    return func(self, *args, **kwargs)
  File "C:\Users\phult\AppData\Local\Python\pythoncore-3.14-64\Lib\site-packages\yt_dlp\YoutubeDL.py", line 1852, in __extract_info
    return self.process_ie_result(ie_result, download, extra_info)
           ~~~~~~~~~~~~~~~~~~~~~~^^^^^^^^^^^^^^^^^^^^^^^^^^^^^^^^^
  File "C:\Users\phult\AppData\Local\Python\pythoncore-3.14-64\Lib\site-packages\yt_dlp\YoutubeDL.py", line 1911, in process_ie_result
    ie_result = self.process_video_result(ie_result, download=download)
  File "C:\Users\phult\AppData\Local\Python\pythoncore-3.14-64\Lib\site-packages\yt_dlp\YoutubeDL.py", line 2924, in process_video_result
    self.raise_no_formats(info_dict)
    ~~~~~~~~~~~~~~~~~~~~~^^^^^^^^^^^
  File "C:\Users\phult\AppData\Local\Python\pythoncore-3.14-64\Lib\site-packages\yt_dlp\YoutubeDL.py", line 1185, in raise_no_formats
    raise ExtractorError(msg, video_id=info['id'], ie=info['extractor'],
                         expected=has_drm or ignored or expected)
yt_dlp.utils.ExtractorError: [dailymotion] x9y5x54: No video formats found!; please report this issue on  https://github.com/yt-dlp/yt-dlp/issues?q= , filling out the appropriate issue template. Confirm you are on the latest version using  yt-dlp -U

During handling of the above exception, another exception occurred:

Traceback (most recent call last):
  File "D:\Tsufutube\core.py", line 610, in _download_general_ytdlp
    raise e
  File "D:\Tsufutube\core.py", line 535, in _download_general_ytdlp
    info = ydl.extract_info(task["url"], download=False)
  File "C:\Users\phult\AppData\Local\Python\pythoncore-3.14-64\Lib\site-packages\yt_dlp\YoutubeDL.py", line 1685, in extract_info
    return self.__extract_info(url, self.get_info_extractor(key), download, extra_info, process)
           ~~~~~~~~~~~~~~~~~~~^^^^^^^^^^^^^^^^^^^^^^^^^^^^^^^^^^^^^^^^^^^^^^^^^^^^^^^^^^^^^^^^^^
  File "C:\Users\phult\AppData\Local\Python\pythoncore-3.14-64\Lib\site-packages\yt_dlp\YoutubeDL.py", line 1714, in wrapper
    self.report_error(str(e), e.format_traceback())
    ~~~~~~~~~~~~~~~~~^^^^^^^^^^^^^^^^^^^^^^^^^^^^^^
  File "C:\Users\phult\AppData\Local\Python\pythoncore-3.14-64\Lib\site-packages\yt_dlp\YoutubeDL.py", line 1154, in report_error
    self.trouble(f'{self._format_err("ERROR:", self.Styles.ERROR)} {message}', *args, **kwargs)
    ~~~~~~~~~~~~^^^^^^^^^^^^^^^^^^^^^^^^^^^^^^^^^^^^^^^^^^^^^^^^^^^^^^^^^^^^^^^^^^^^^^^^^^^^^^^
  File "C:\Users\phult\AppData\Local\Python\pythoncore-3.14-64\Lib\site-packages\yt_dlp\YoutubeDL.py", line 1093, in trouble
    raise DownloadError(message, exc_info)
yt_dlp.utils.DownloadError: [0;31mERROR:[0m [dailymotion] x9y5x54: No video formats found!; please report this issue on  https://github.com/yt-dlp/yt-dlp/issues?q= , filling out the appropriate issue template. Confirm you are on the latest version using  yt-dlp -U


==================================================
TIME: 2026-01-21 04:39:36.128117
URL: https://www.dailymotion.com/video/x9y5x54
ERROR TYPE: DownloadError
ERROR MSG: [0;31mERROR:[0m [dailymotion] x9y5x54: No video formats found!; please report this issue on  https://github.com/yt-dlp/yt-dlp/issues?q= , filling out the appropriate issue template. Confirm you are on the latest version using  yt-dlp -U
TRACEBACK:
Traceback (most recent call last):
  File "C:\Users\phult\AppData\Local\Python\pythoncore-3.14-64\Lib\site-packages\yt_dlp\YoutubeDL.py", line 1696, in wrapper
    return func(self, *args, **kwargs)
  File "C:\Users\phult\AppData\Local\Python\pythoncore-3.14-64\Lib\site-packages\yt_dlp\YoutubeDL.py", line 1852, in __extract_info
    return self.process_ie_result(ie_result, download, extra_info)
           ~~~~~~~~~~~~~~~~~~~~~~^^^^^^^^^^^^^^^^^^^^^^^^^^^^^^^^^
  File "C:\Users\phult\AppData\Local\Python\pythoncore-3.14-64\Lib\site-packages\yt_dlp\YoutubeDL.py", line 1911, in process_ie_result
    ie_result = self.process_video_result(ie_result, download=download)
  File "C:\Users\phult\AppData\Local\Python\pythoncore-3.14-64\Lib\site-packages\yt_dlp\YoutubeDL.py", line 2924, in process_video_result
    self.raise_no_formats(info_dict)
    ~~~~~~~~~~~~~~~~~~~~~^^^^^^^^^^^
  File "C:\Users\phult\AppData\Local\Python\pythoncore-3.14-64\Lib\site-packages\yt_dlp\YoutubeDL.py", line 1185, in raise_no_formats
    raise ExtractorError(msg, video_id=info['id'], ie=info['extractor'],
                         expected=has_drm or ignored or expected)
yt_dlp.utils.ExtractorError: [dailymotion] x9y5x54: No video formats found!; please report this issue on  https://github.com/yt-dlp/yt-dlp/issues?q= , filling out the appropriate issue template. Confirm you are on the latest version using  yt-dlp -U

During handling of the above exception, another exception occurred:

Traceback (most recent call last):
  File "D:\Tsufutube\core.py", line 610, in _download_general_ytdlp
    raise e
  File "D:\Tsufutube\core.py", line 535, in _download_general_ytdlp
    info = ydl.extract_info(task["url"], download=False)
  File "C:\Users\phult\AppData\Local\Python\pythoncore-3.14-64\Lib\site-packages\yt_dlp\YoutubeDL.py", line 1685, in extract_info
    return self.__extract_info(url, self.get_info_extractor(key), download, extra_info, process)
           ~~~~~~~~~~~~~~~~~~~^^^^^^^^^^^^^^^^^^^^^^^^^^^^^^^^^^^^^^^^^^^^^^^^^^^^^^^^^^^^^^^^^^
  File "C:\Users\phult\AppData\Local\Python\pythoncore-3.14-64\Lib\site-packages\yt_dlp\YoutubeDL.py", line 1714, in wrapper
    self.report_error(str(e), e.format_traceback())
    ~~~~~~~~~~~~~~~~~^^^^^^^^^^^^^^^^^^^^^^^^^^^^^^
  File "C:\Users\phult\AppData\Local\Python\pythoncore-3.14-64\Lib\site-packages\yt_dlp\YoutubeDL.py", line 1154, in report_error
    self.trouble(f'{self._format_err("ERROR:", self.Styles.ERROR)} {message}', *args, **kwargs)
    ~~~~~~~~~~~~^^^^^^^^^^^^^^^^^^^^^^^^^^^^^^^^^^^^^^^^^^^^^^^^^^^^^^^^^^^^^^^^^^^^^^^^^^^^^^^
  File "C:\Users\phult\AppData\Local\Python\pythoncore-3.14-64\Lib\site-packages\yt_dlp\YoutubeDL.py", line 1093, in trouble
    raise DownloadError(message, exc_info)
yt_dlp.utils.DownloadError: [0;31mERROR:[0m [dailymotion] x9y5x54: No video formats found!; please report this issue on  https://github.com/yt-dlp/yt-dlp/issues?q= , filling out the appropriate issue template. Confirm you are on the latest version using  yt-dlp -U


==================================================
TIME: 2026-01-21 04:45:33.094283
URL: https://cdndirector.dailymotion.com/cdn/manifest/video/x9quqec.m3u8?sec=2GY1DGALYjHMOre_44sORYvPjHAoEgLCiWeL32CPon4ZoBadrYecdeviThuxpjo6pDYY65lIRkkHU5qdYPeA3Q&dmTs=945308&dmV1st=861066db-6b28-4ee4-8d9c-85c8db83656a
ERROR TYPE: DownloadError
ERROR MSG: [0;31mERROR:[0m [generic] Unable to download webpage: HTTP Error 403: Forbidden (caused by <HTTPError 403: Forbidden>)
TRACEBACK:
Traceback (most recent call last):
  File "C:\Users\phult\AppData\Local\Python\pythoncore-3.14-64\Lib\site-packages\yt_dlp\extractor\common.py", line 909, in _request_webpage
    return self._downloader.urlopen(self._create_request(url_or_request, data, headers, query, extensions))
           ~~~~~~~~~~~~~~~~~~~~~~~~^^^^^^^^^^^^^^^^^^^^^^^^^^^^^^^^^^^^^^^^^^^^^^^^^^^^^^^^^^^^^^^^^^^^^^^^
  File "C:\Users\phult\AppData\Local\Python\pythoncore-3.14-64\Lib\site-packages\yt_dlp\YoutubeDL.py", line 4252, in urlopen
    return self._request_director.send(req)
           ~~~~~~~~~~~~~~~~~~~~~~~~~~~^^^^^
  File "C:\Users\phult\AppData\Local\Python\pythoncore-3.14-64\Lib\site-packages\yt_dlp\networking\common.py", line 117, in send
    response = handler.send(request)
  File "C:\Users\phult\AppData\Local\Python\pythoncore-3.14-64\Lib\site-packages\yt_dlp\networking\_helper.py", line 194, in wrapper
    return func(self, *args, **kwargs)
  File "C:\Users\phult\AppData\Local\Python\pythoncore-3.14-64\Lib\site-packages\yt_dlp\networking\common.py", line 359, in send
    return self._send(request)
           ~~~~~~~~~~^^^^^^^^^
  File "C:\Users\phult\AppData\Local\Python\pythoncore-3.14-64\Lib\site-packages\yt_dlp\networking\_requests.py", line 361, in _send
    raise HTTPError(res, redirect_loop=max_redirects_exceeded)
yt_dlp.networking.exceptions.HTTPError: HTTP Error 403: Forbidden

During handling of the above exception, another exception occurred:

Traceback (most recent call last):
  File "C:\Users\phult\AppData\Local\Python\pythoncore-3.14-64\Lib\site-packages\yt_dlp\YoutubeDL.py", line 1696, in wrapper
    return func(self, *args, **kwargs)
  File "C:\Users\phult\AppData\Local\Python\pythoncore-3.14-64\Lib\site-packages\yt_dlp\YoutubeDL.py", line 1831, in __extract_info
    ie_result = ie.extract(url)
  File "C:\Users\phult\AppData\Local\Python\pythoncore-3.14-64\Lib\site-packages\yt_dlp\extractor\common.py", line 762, in extract
    ie_result = self._real_extract(url)
  File "C:\Users\phult\AppData\Local\Python\pythoncore-3.14-64\Lib\site-packages\yt_dlp\extractor\generic.py", line 819, in _real_extract
    full_response = self._request_webpage(url, video_id, headers=filter_dict({
        'Accept-Encoding': 'identity',
        'Referer': smuggled_data.get('referer'),
    }), impersonate=impersonate)
  File "C:\Users\phult\AppData\Local\Python\pythoncore-3.14-64\Lib\site-packages\yt_dlp\extractor\common.py", line 922, in _request_webpage
    raise ExtractorError(errmsg, cause=err)
yt_dlp.utils.ExtractorError: [generic] Unable to download webpage: HTTP Error 403: Forbidden (caused by <HTTPError 403: Forbidden>)

During handling of the above exception, another exception occurred:

Traceback (most recent call last):
  File "D:\Tsufutube\core.py", line 626, in _download_general_ytdlp
    raise e
  File "D:\Tsufutube\core.py", line 551, in _download_general_ytdlp
    info = ydl.extract_info(task["url"], download=False)
  File "C:\Users\phult\AppData\Local\Python\pythoncore-3.14-64\Lib\site-packages\yt_dlp\YoutubeDL.py", line 1685, in extract_info
    return self.__extract_info(url, self.get_info_extractor(key), download, extra_info, process)
           ~~~~~~~~~~~~~~~~~~~^^^^^^^^^^^^^^^^^^^^^^^^^^^^^^^^^^^^^^^^^^^^^^^^^^^^^^^^^^^^^^^^^^
  File "C:\Users\phult\AppData\Local\Python\pythoncore-3.14-64\Lib\site-packages\yt_dlp\YoutubeDL.py", line 1714, in wrapper
    self.report_error(str(e), e.format_traceback())
    ~~~~~~~~~~~~~~~~~^^^^^^^^^^^^^^^^^^^^^^^^^^^^^^
  File "C:\Users\phult\AppData\Local\Python\pythoncore-3.14-64\Lib\site-packages\yt_dlp\YoutubeDL.py", line 1154, in report_error
    self.trouble(f'{self._format_err("ERROR:", self.Styles.ERROR)} {message}', *args, **kwargs)
    ~~~~~~~~~~~~^^^^^^^^^^^^^^^^^^^^^^^^^^^^^^^^^^^^^^^^^^^^^^^^^^^^^^^^^^^^^^^^^^^^^^^^^^^^^^^
  File "C:\Users\phult\AppData\Local\Python\pythoncore-3.14-64\Lib\site-packages\yt_dlp\YoutubeDL.py", line 1093, in trouble
    raise DownloadError(message, exc_info)
yt_dlp.utils.DownloadError: [0;31mERROR:[0m [generic] Unable to download webpage: HTTP Error 403: Forbidden (caused by <HTTPError 403: Forbidden>)


==================================================
TIME: 2026-01-21 04:47:52.553967
URL: https://cdndirector.dailymotion.com/cdn/manifest/video/x9quqec.m3u8?sec=c-evVCV5NS4pPGu7emrJg_7NDZGjgS9F0MJ1a4PPcE5idObdcNmINoHtqmKY71o1-q0V5-dbKK7fSu_gPTknWg&dmTs=807439&dmV1st=dd8847a4-1338-4a6c-a5fa-502682091c38
ERROR TYPE: KeyError
ERROR MSG: 'extractor'
TRACEBACK:
Traceback (most recent call last):
  File "D:\Tsufutube\core.py", line 680, in _download_general_ytdlp
    info = ydl.process_ie_result(ie_result=info, download=True)
  File "C:\Users\phult\AppData\Local\Python\pythoncore-3.14-64\Lib\site-packages\yt_dlp\YoutubeDL.py", line 1911, in process_ie_result
    ie_result = self.process_video_result(ie_result, download=download)
  File "C:\Users\phult\AppData\Local\Python\pythoncore-3.14-64\Lib\site-packages\yt_dlp\YoutubeDL.py", line 2864, in process_video_result
    self._fill_common_fields(info_dict)
    ~~~~~~~~~~~~~~~~~~~~~~~~^^^^^^^^^^^
  File "C:\Users\phult\AppData\Local\Python\pythoncore-3.14-64\Lib\site-packages\yt_dlp\YoutubeDL.py", line 2737, in _fill_common_fields
    info_dict['title'] = f'{info_dict["extractor"].replace(":", "-")} video #{info_dict["id"]}'
                            ~~~~~~~~~^^^^^^^^^^^^^
KeyError: 'extractor'


==================================================
TIME: 2026-01-21 04:50:51.771579
URL: https://cdndirector.dailymotion.com/cdn/manifest/video/x9quqec.m3u8?sec=685rsnEEK7R9XINtWL61Zezr-FKZ29fQGFlCMlXZ1MLhH24TQul7cH6rjwxJyxtGNRjLY629eG_HEEy8XtCnvQ&dmTs=530021&dmV1st=1342f672-bfed-4ca8-b36e-f314bb2b6b4d
ERROR TYPE: KeyError
ERROR MSG: 'extractor'
TRACEBACK:
Traceback (most recent call last):
  File "D:\Tsufutube\core.py", line 685, in _download_general_ytdlp
    info = ydl.process_ie_result(ie_result=info, download=True)
  File "C:\Users\phult\AppData\Local\Python\pythoncore-3.14-64\Lib\site-packages\yt_dlp\YoutubeDL.py", line 1911, in process_ie_result
    ie_result = self.process_video_result(ie_result, download=download)
  File "C:\Users\phult\AppData\Local\Python\pythoncore-3.14-64\Lib\site-packages\yt_dlp\YoutubeDL.py", line 2864, in process_video_result
    self._fill_common_fields(info_dict)
    ~~~~~~~~~~~~~~~~~~~~~~~~^^^^^^^^^^^
  File "C:\Users\phult\AppData\Local\Python\pythoncore-3.14-64\Lib\site-packages\yt_dlp\YoutubeDL.py", line 2737, in _fill_common_fields
    info_dict['title'] = f'{info_dict["extractor"].replace(":", "-")} video #{info_dict["id"]}'
                            ~~~~~~~~~^^^^^^^^^^^^^
KeyError: 'extractor'


==================================================
TIME: 2026-01-21 04:53:49.678710
URL: https://cdndirector.dailymotion.com/cdn/manifest/video/x9quqec.m3u8?sec=w6Mq1Uh7di8q06G7Vp8-EK1IWxUNsEOChONjMiy2__aOcAjc5_ODIZkvBqPrQiBa5BAtjeTWeo02PrEVuizAxg&dmTs=298399&dmV1st=6dd2d366-2bd6-4603-a67b-7c18c13fe56e
ERROR TYPE: KeyError
ERROR MSG: 'extractor'
TRACEBACK:
Traceback (most recent call last):
  File "D:\Tsufutube\core.py", line 685, in _download_general_ytdlp
    info = ydl.process_ie_result(ie_result=info, download=True)
  File "C:\Users\phult\AppData\Local\Python\pythoncore-3.14-64\Lib\site-packages\yt_dlp\YoutubeDL.py", line 1911, in process_ie_result
    ie_result = self.process_video_result(ie_result, download=download)
  File "C:\Users\phult\AppData\Local\Python\pythoncore-3.14-64\Lib\site-packages\yt_dlp\YoutubeDL.py", line 2864, in process_video_result
    self._fill_common_fields(info_dict)
    ~~~~~~~~~~~~~~~~~~~~~~~~^^^^^^^^^^^
  File "C:\Users\phult\AppData\Local\Python\pythoncore-3.14-64\Lib\site-packages\yt_dlp\YoutubeDL.py", line 2737, in _fill_common_fields
    info_dict['title'] = f'{info_dict["extractor"].replace(":", "-")} video #{info_dict["id"]}'
                            ~~~~~~~~~^^^^^^^^^^^^^
KeyError: 'extractor'


==================================================
TIME: 2026-01-23 02:34:33.877816
URL: https://www.youtube.com/watch?v=OLRbIc8KZ_8&list=RDGMEMCMFH2exzjBeE_zAHHJOdxg&start_radio=1&rv=fcajPrHVwSs
ERROR TYPE: NameError
ERROR MSG: name 'cut_method' is not defined
TRACEBACK:
Traceback (most recent call last):
  File "D:\Tsufutube\core.py", line 838, in _download_general_ytdlp
    if cut_mode and cut_method == "download_then_cut" and final_path and os.path.exists(final_path):
                    ^^^^^^^^^^
NameError: name 'cut_method' is not defined. Did you mean: 'classmethod'?


==================================================
TIME: 2026-01-23 09:04:58.739967
URL: https://www.tiktok.com/@vietphuongthoa98/video/7597826221543656725?is_from_webapp=1&sender_device=pc
ERROR TYPE: DownloadError
ERROR MSG: [0;31mERROR:[0m unable to download video data: HTTP Error 403: Forbidden
TRACEBACK:
Traceback (most recent call last):
  File "C:\Users\phult\AppData\Local\Python\pythoncore-3.14-64\Lib\site-packages\yt_dlp\YoutubeDL.py", line 3536, in process_info
    success, real_download = self.dl(temp_filename, info_dict)
                             ~~~~~~~^^^^^^^^^^^^^^^^^^^^^^^^^^
  File "C:\Users\phult\AppData\Local\Python\pythoncore-3.14-64\Lib\site-packages\yt_dlp\YoutubeDL.py", line 3278, in dl
    return fd.download(name, new_info, subtitle)
           ~~~~~~~~~~~^^^^^^^^^^^^^^^^^^^^^^^^^^
  File "C:\Users\phult\AppData\Local\Python\pythoncore-3.14-64\Lib\site-packages\yt_dlp\downloader\common.py", line 480, in download
    ret = self.real_download(filename, info_dict)
  File "C:\Users\phult\AppData\Local\Python\pythoncore-3.14-64\Lib\site-packages\yt_dlp\downloader\http.py", line 362, in real_download
    establish_connection()
    ~~~~~~~~~~~~~~~~~~~~^^
  File "C:\Users\phult\AppData\Local\Python\pythoncore-3.14-64\Lib\site-packages\yt_dlp\downloader\http.py", line 119, in establish_connection
    ctx.data = self.ydl.urlopen(request)
               ~~~~~~~~~~~~~~~~^^^^^^^^^
  File "C:\Users\phult\AppData\Local\Python\pythoncore-3.14-64\Lib\site-packages\yt_dlp\YoutubeDL.py", line 4252, in urlopen
    return self._request_director.send(req)
           ~~~~~~~~~~~~~~~~~~~~~~~~~~~^^^^^
  File "C:\Users\phult\AppData\Local\Python\pythoncore-3.14-64\Lib\site-packages\yt_dlp\networking\common.py", line 117, in send
    response = handler.send(request)
  File "C:\Users\phult\AppData\Local\Python\pythoncore-3.14-64\Lib\site-packages\yt_dlp\networking\_helper.py", line 194, in wrapper
    return func(self, *args, **kwargs)
  File "C:\Users\phult\AppData\Local\Python\pythoncore-3.14-64\Lib\site-packages\yt_dlp\networking\common.py", line 359, in send
    return self._send(request)
           ~~~~~~~~~~^^^^^^^^^
  File "C:\Users\phult\AppData\Local\Python\pythoncore-3.14-64\Lib\site-packages\yt_dlp\networking\_requests.py", line 361, in _send
    raise HTTPError(res, redirect_loop=max_redirects_exceeded)
yt_dlp.networking.exceptions.HTTPError: HTTP Error 403: Forbidden

During handling of the above exception, another exception occurred:

Traceback (most recent call last):
  File "D:\Tsufutube\modules\core.py", line 839, in _download_general_ytdlp
    info = ydl.process_ie_result(ie_result=info, download=True)
  File "C:\Users\phult\AppData\Local\Python\pythoncore-3.14-64\Lib\site-packages\yt_dlp\YoutubeDL.py", line 1911, in process_ie_result
    ie_result = self.process_video_result(ie_result, download=download)
  File "C:\Users\phult\AppData\Local\Python\pythoncore-3.14-64\Lib\site-packages\yt_dlp\YoutubeDL.py", line 3089, in process_video_result
    self.process_info(new_info)
    ~~~~~~~~~~~~~~~~~^^^^^^^^^^
  File "C:\Users\phult\AppData\Local\Python\pythoncore-3.14-64\Lib\site-packages\yt_dlp\YoutubeDL.py", line 189, in wrapper
    return func(self, *args, **kwargs)
  File "C:\Users\phult\AppData\Local\Python\pythoncore-3.14-64\Lib\site-packages\yt_dlp\YoutubeDL.py", line 3545, in process_info
    self.report_error(f'unable to download video data: {err}')
    ~~~~~~~~~~~~~~~~~^^^^^^^^^^^^^^^^^^^^^^^^^^^^^^^^^^^^^^^^^
  File "C:\Users\phult\AppData\Local\Python\pythoncore-3.14-64\Lib\site-packages\yt_dlp\YoutubeDL.py", line 1154, in report_error
    self.trouble(f'{self._format_err("ERROR:", self.Styles.ERROR)} {message}', *args, **kwargs)
    ~~~~~~~~~~~~^^^^^^^^^^^^^^^^^^^^^^^^^^^^^^^^^^^^^^^^^^^^^^^^^^^^^^^^^^^^^^^^^^^^^^^^^^^^^^^
  File "C:\Users\phult\AppData\Local\Python\pythoncore-3.14-64\Lib\site-packages\yt_dlp\YoutubeDL.py", line 1093, in trouble
    raise DownloadError(message, exc_info)
yt_dlp.utils.DownloadError: [0;31mERROR:[0m unable to download video data: HTTP Error 403: Forbidden


==================================================
TIME: 2026-01-23 09:05:20.414202
URL: https://www.tiktok.com/@maitrithuc2020/video/7597678718877814024?is_from_webapp=1&sender_device=pc
ERROR TYPE: DownloadError
ERROR MSG: [0;31mERROR:[0m unable to download video data: HTTP Error 403: Forbidden
TRACEBACK:
Traceback (most recent call last):
  File "C:\Users\phult\AppData\Local\Python\pythoncore-3.14-64\Lib\site-packages\yt_dlp\YoutubeDL.py", line 3536, in process_info
    success, real_download = self.dl(temp_filename, info_dict)
                             ~~~~~~~^^^^^^^^^^^^^^^^^^^^^^^^^^
  File "C:\Users\phult\AppData\Local\Python\pythoncore-3.14-64\Lib\site-packages\yt_dlp\YoutubeDL.py", line 3278, in dl
    return fd.download(name, new_info, subtitle)
           ~~~~~~~~~~~^^^^^^^^^^^^^^^^^^^^^^^^^^
  File "C:\Users\phult\AppData\Local\Python\pythoncore-3.14-64\Lib\site-packages\yt_dlp\downloader\common.py", line 480, in download
    ret = self.real_download(filename, info_dict)
  File "C:\Users\phult\AppData\Local\Python\pythoncore-3.14-64\Lib\site-packages\yt_dlp\downloader\http.py", line 362, in real_download
    establish_connection()
    ~~~~~~~~~~~~~~~~~~~~^^
  File "C:\Users\phult\AppData\Local\Python\pythoncore-3.14-64\Lib\site-packages\yt_dlp\downloader\http.py", line 119, in establish_connection
    ctx.data = self.ydl.urlopen(request)
               ~~~~~~~~~~~~~~~~^^^^^^^^^
  File "C:\Users\phult\AppData\Local\Python\pythoncore-3.14-64\Lib\site-packages\yt_dlp\YoutubeDL.py", line 4252, in urlopen
    return self._request_director.send(req)
           ~~~~~~~~~~~~~~~~~~~~~~~~~~~^^^^^
  File "C:\Users\phult\AppData\Local\Python\pythoncore-3.14-64\Lib\site-packages\yt_dlp\networking\common.py", line 117, in send
    response = handler.send(request)
  File "C:\Users\phult\AppData\Local\Python\pythoncore-3.14-64\Lib\site-packages\yt_dlp\networking\_helper.py", line 194, in wrapper
    return func(self, *args, **kwargs)
  File "C:\Users\phult\AppData\Local\Python\pythoncore-3.14-64\Lib\site-packages\yt_dlp\networking\common.py", line 359, in send
    return self._send(request)
           ~~~~~~~~~~^^^^^^^^^
  File "C:\Users\phult\AppData\Local\Python\pythoncore-3.14-64\Lib\site-packages\yt_dlp\networking\_requests.py", line 361, in _send
    raise HTTPError(res, redirect_loop=max_redirects_exceeded)
yt_dlp.networking.exceptions.HTTPError: HTTP Error 403: Forbidden

During handling of the above exception, another exception occurred:

Traceback (most recent call last):
  File "D:\Tsufutube\modules\core.py", line 839, in _download_general_ytdlp
    info = ydl.process_ie_result(ie_result=info, download=True)
  File "C:\Users\phult\AppData\Local\Python\pythoncore-3.14-64\Lib\site-packages\yt_dlp\YoutubeDL.py", line 1911, in process_ie_result
    ie_result = self.process_video_result(ie_result, download=download)
  File "C:\Users\phult\AppData\Local\Python\pythoncore-3.14-64\Lib\site-packages\yt_dlp\YoutubeDL.py", line 3089, in process_video_result
    self.process_info(new_info)
    ~~~~~~~~~~~~~~~~~^^^^^^^^^^
  File "C:\Users\phult\AppData\Local\Python\pythoncore-3.14-64\Lib\site-packages\yt_dlp\YoutubeDL.py", line 189, in wrapper
    return func(self, *args, **kwargs)
  File "C:\Users\phult\AppData\Local\Python\pythoncore-3.14-64\Lib\site-packages\yt_dlp\YoutubeDL.py", line 3545, in process_info
    self.report_error(f'unable to download video data: {err}')
    ~~~~~~~~~~~~~~~~~^^^^^^^^^^^^^^^^^^^^^^^^^^^^^^^^^^^^^^^^^
  File "C:\Users\phult\AppData\Local\Python\pythoncore-3.14-64\Lib\site-packages\yt_dlp\YoutubeDL.py", line 1154, in report_error
    self.trouble(f'{self._format_err("ERROR:", self.Styles.ERROR)} {message}', *args, **kwargs)
    ~~~~~~~~~~~~^^^^^^^^^^^^^^^^^^^^^^^^^^^^^^^^^^^^^^^^^^^^^^^^^^^^^^^^^^^^^^^^^^^^^^^^^^^^^^^
  File "C:\Users\phult\AppData\Local\Python\pythoncore-3.14-64\Lib\site-packages\yt_dlp\YoutubeDL.py", line 1093, in trouble
    raise DownloadError(message, exc_info)
yt_dlp.utils.DownloadError: [0;31mERROR:[0m unable to download video data: HTTP Error 403: Forbidden


==================================================
TIME: 2026-01-23 09:05:55.753145
URL: https://www.tiktok.com/@maitrithuc2020/video/7597678718877814024?is_from_webapp=1&sender_device=pc
ERROR TYPE: DownloadError
ERROR MSG: [0;31mERROR:[0m unable to download video data: HTTP Error 403: Forbidden
TRACEBACK:
Traceback (most recent call last):
  File "C:\Users\phult\AppData\Local\Python\pythoncore-3.14-64\Lib\site-packages\yt_dlp\YoutubeDL.py", line 3536, in process_info
    success, real_download = self.dl(temp_filename, info_dict)
                             ~~~~~~~^^^^^^^^^^^^^^^^^^^^^^^^^^
  File "C:\Users\phult\AppData\Local\Python\pythoncore-3.14-64\Lib\site-packages\yt_dlp\YoutubeDL.py", line 3278, in dl
    return fd.download(name, new_info, subtitle)
           ~~~~~~~~~~~^^^^^^^^^^^^^^^^^^^^^^^^^^
  File "C:\Users\phult\AppData\Local\Python\pythoncore-3.14-64\Lib\site-packages\yt_dlp\downloader\common.py", line 480, in download
    ret = self.real_download(filename, info_dict)
  File "C:\Users\phult\AppData\Local\Python\pythoncore-3.14-64\Lib\site-packages\yt_dlp\downloader\http.py", line 362, in real_download
    establish_connection()
    ~~~~~~~~~~~~~~~~~~~~^^
  File "C:\Users\phult\AppData\Local\Python\pythoncore-3.14-64\Lib\site-packages\yt_dlp\downloader\http.py", line 119, in establish_connection
    ctx.data = self.ydl.urlopen(request)
               ~~~~~~~~~~~~~~~~^^^^^^^^^
  File "C:\Users\phult\AppData\Local\Python\pythoncore-3.14-64\Lib\site-packages\yt_dlp\YoutubeDL.py", line 4252, in urlopen
    return self._request_director.send(req)
           ~~~~~~~~~~~~~~~~~~~~~~~~~~~^^^^^
  File "C:\Users\phult\AppData\Local\Python\pythoncore-3.14-64\Lib\site-packages\yt_dlp\networking\common.py", line 117, in send
    response = handler.send(request)
  File "C:\Users\phult\AppData\Local\Python\pythoncore-3.14-64\Lib\site-packages\yt_dlp\networking\_helper.py", line 194, in wrapper
    return func(self, *args, **kwargs)
  File "C:\Users\phult\AppData\Local\Python\pythoncore-3.14-64\Lib\site-packages\yt_dlp\networking\common.py", line 359, in send
    return self._send(request)
           ~~~~~~~~~~^^^^^^^^^
  File "C:\Users\phult\AppData\Local\Python\pythoncore-3.14-64\Lib\site-packages\yt_dlp\networking\_requests.py", line 361, in _send
    raise HTTPError(res, redirect_loop=max_redirects_exceeded)
yt_dlp.networking.exceptions.HTTPError: HTTP Error 403: Forbidden

During handling of the above exception, another exception occurred:

Traceback (most recent call last):
  File "D:\Tsufutube\modules\core.py", line 839, in _download_general_ytdlp
    info = ydl.process_ie_result(ie_result=info, download=True)
  File "C:\Users\phult\AppData\Local\Python\pythoncore-3.14-64\Lib\site-packages\yt_dlp\YoutubeDL.py", line 1911, in process_ie_result
    ie_result = self.process_video_result(ie_result, download=download)
  File "C:\Users\phult\AppData\Local\Python\pythoncore-3.14-64\Lib\site-packages\yt_dlp\YoutubeDL.py", line 3089, in process_video_result
    self.process_info(new_info)
    ~~~~~~~~~~~~~~~~~^^^^^^^^^^
  File "C:\Users\phult\AppData\Local\Python\pythoncore-3.14-64\Lib\site-packages\yt_dlp\YoutubeDL.py", line 189, in wrapper
    return func(self, *args, **kwargs)
  File "C:\Users\phult\AppData\Local\Python\pythoncore-3.14-64\Lib\site-packages\yt_dlp\YoutubeDL.py", line 3545, in process_info
    self.report_error(f'unable to download video data: {err}')
    ~~~~~~~~~~~~~~~~~^^^^^^^^^^^^^^^^^^^^^^^^^^^^^^^^^^^^^^^^^
  File "C:\Users\phult\AppData\Local\Python\pythoncore-3.14-64\Lib\site-packages\yt_dlp\YoutubeDL.py", line 1154, in report_error
    self.trouble(f'{self._format_err("ERROR:", self.Styles.ERROR)} {message}', *args, **kwargs)
    ~~~~~~~~~~~~^^^^^^^^^^^^^^^^^^^^^^^^^^^^^^^^^^^^^^^^^^^^^^^^^^^^^^^^^^^^^^^^^^^^^^^^^^^^^^^
  File "C:\Users\phult\AppData\Local\Python\pythoncore-3.14-64\Lib\site-packages\yt_dlp\YoutubeDL.py", line 1093, in trouble
    raise DownloadError(message, exc_info)
yt_dlp.utils.DownloadError: [0;31mERROR:[0m unable to download video data: HTTP Error 403: Forbidden


==================================================
TIME: 2026-01-23 09:13:27.700245
URL: https://www.tiktok.com/@djmievn/video/7584805497501388039?is_from_webapp=1&sender_device=pc
ERROR TYPE: TypeError
ERROR MSG: unsupported operand type(s) for %: 'dict' and 'dict'
TRACEBACK:
Traceback (most recent call last):
  File "C:\Users\phult\AppData\Local\Python\pythoncore-3.14-64\Lib\site-packages\yt_dlp\YoutubeDL.py", line 3536, in process_info
    success, real_download = self.dl(temp_filename, info_dict)
                             ~~~~~~~^^^^^^^^^^^^^^^^^^^^^^^^^^
  File "C:\Users\phult\AppData\Local\Python\pythoncore-3.14-64\Lib\site-packages\yt_dlp\YoutubeDL.py", line 3278, in dl
    return fd.download(name, new_info, subtitle)
           ~~~~~~~~~~~^^^^^^^^^^^^^^^^^^^^^^^^^^
  File "C:\Users\phult\AppData\Local\Python\pythoncore-3.14-64\Lib\site-packages\yt_dlp\downloader\common.py", line 480, in download
    ret = self.real_download(filename, info_dict)
  File "C:\Users\phult\AppData\Local\Python\pythoncore-3.14-64\Lib\site-packages\yt_dlp\downloader\http.py", line 362, in real_download
    establish_connection()
    ~~~~~~~~~~~~~~~~~~~~^^
  File "C:\Users\phult\AppData\Local\Python\pythoncore-3.14-64\Lib\site-packages\yt_dlp\downloader\http.py", line 119, in establish_connection
    ctx.data = self.ydl.urlopen(request)
               ~~~~~~~~~~~~~~~~^^^^^^^^^
  File "C:\Users\phult\AppData\Local\Python\pythoncore-3.14-64\Lib\site-packages\yt_dlp\YoutubeDL.py", line 4252, in urlopen
    return self._request_director.send(req)
           ~~~~~~~~~~~~~~~~~~~~~~~~~~~^^^^^
  File "C:\Users\phult\AppData\Local\Python\pythoncore-3.14-64\Lib\site-packages\yt_dlp\networking\common.py", line 117, in send
    response = handler.send(request)
  File "C:\Users\phult\AppData\Local\Python\pythoncore-3.14-64\Lib\site-packages\yt_dlp\networking\_helper.py", line 194, in wrapper
    return func(self, *args, **kwargs)
  File "C:\Users\phult\AppData\Local\Python\pythoncore-3.14-64\Lib\site-packages\yt_dlp\networking\common.py", line 359, in send
    return self._send(request)
           ~~~~~~~~~~^^^^^^^^^
  File "C:\Users\phult\AppData\Local\Python\pythoncore-3.14-64\Lib\site-packages\yt_dlp\networking\_requests.py", line 361, in _send
    raise HTTPError(res, redirect_loop=max_redirects_exceeded)
yt_dlp.networking.exceptions.HTTPError: HTTP Error 403: Forbidden

During handling of the above exception, another exception occurred:

Traceback (most recent call last):
  File "D:\Tsufutube\modules\core.py", line 840, in _download_general_ytdlp
    info = ydl.process_ie_result(ie_result=info, download=True)
  File "C:\Users\phult\AppData\Local\Python\pythoncore-3.14-64\Lib\site-packages\yt_dlp\YoutubeDL.py", line 1911, in process_ie_result
    ie_result = self.process_video_result(ie_result, download=download)
  File "C:\Users\phult\AppData\Local\Python\pythoncore-3.14-64\Lib\site-packages\yt_dlp\YoutubeDL.py", line 3089, in process_video_result
    self.process_info(new_info)
    ~~~~~~~~~~~~~~~~~^^^^^^^^^^
  File "C:\Users\phult\AppData\Local\Python\pythoncore-3.14-64\Lib\site-packages\yt_dlp\YoutubeDL.py", line 189, in wrapper
    return func(self, *args, **kwargs)
  File "C:\Users\phult\AppData\Local\Python\pythoncore-3.14-64\Lib\site-packages\yt_dlp\YoutubeDL.py", line 3545, in process_info
    self.report_error(f'unable to download video data: {err}')
    ~~~~~~~~~~~~~~~~~^^^^^^^^^^^^^^^^^^^^^^^^^^^^^^^^^^^^^^^^^
  File "C:\Users\phult\AppData\Local\Python\pythoncore-3.14-64\Lib\site-packages\yt_dlp\YoutubeDL.py", line 1154, in report_error
    self.trouble(f'{self._format_err("ERROR:", self.Styles.ERROR)} {message}', *args, **kwargs)
    ~~~~~~~~~~~~^^^^^^^^^^^^^^^^^^^^^^^^^^^^^^^^^^^^^^^^^^^^^^^^^^^^^^^^^^^^^^^^^^^^^^^^^^^^^^^
  File "C:\Users\phult\AppData\Local\Python\pythoncore-3.14-64\Lib\site-packages\yt_dlp\YoutubeDL.py", line 1093, in trouble
    raise DownloadError(message, exc_info)
yt_dlp.utils.DownloadError: [0;31mERROR:[0m unable to download video data: HTTP Error 403: Forbidden

During handling of the above exception, another exception occurred:

Traceback (most recent call last):
  File "D:\Tsufutube\modules\core.py", line 855, in _download_general_ytdlp
    target_file = ydl_opts['outtmpl'] % {'ext': info.get('ext', 'mp4')}
                  ~~~~~~~~~~~~~~~~~~~~^~~~~~~~~~~~~~~~~~~~~~~~~~~~~~~~~
TypeError: unsupported operand type(s) for %: 'dict' and 'dict'


==================================================
TIME: 2026-01-23 09:16:59.568392
URL: https://www.tiktok.com/@djmievn/video/7584805497501388039?is_from_webapp=1
ERROR TYPE: DownloadError
ERROR MSG: [0;31mERROR:[0m unable to download video data: HTTP Error 403: Forbidden
TRACEBACK:
Traceback (most recent call last):
  File "D:\Tsufutube\modules\core.py", line 867, in _download_general_ytdlp
    r.raise_for_status()
    ~~~~~~~~~~~~~~~~~~^^
  File "C:\Users\phult\AppData\Local\Python\pythoncore-3.14-64\Lib\site-packages\requests\models.py", line 1026, in raise_for_status
    raise HTTPError(http_error_msg, response=self)
requests.exceptions.HTTPError: 403 Client Error: Forbidden for url: https://v16-webapp-prime.tiktok.com/video/tos/alisg/tos-alisg-pve-0037c001/ogCjeFBRcDpBQdEEpgPTAcJuIfdzuDBEDdEEqQ/?a=1988&bti=ODszNWYuMDE6&ch=0&cr=3&dr=0&lr=all&cd=0%7C0%7C0%7C&cv=1&br=3362&bt=1681&cs=0&ds=6&ft=-Csk_m7nPD12NZz.fd-UxteFaY6e3wv25NcAp&mime_type=video_mp4&qs=0&rc=NjNlZzQ0PGZpZGQ3NGU4NkBpandwN3g5cmZkODMzODczNEA1NWBgNDIuNV8xNjU1X18yYSNlcG9rMmRzLy5hLS1kMWBzcw%3D%3D&btag=e00090000&expire=1769307485&l=202601231016529E2C5BEEB2B196A328AB&ply_type=2&policy=2&signature=57f2d16ff00ca505a41b6f0c745d78c9&tk=tt_chain_token

During handling of the above exception, another exception occurred:

Traceback (most recent call last):
  File "D:\Tsufutube\modules\core.py", line 888, in _download_general_ytdlp
    raise e # Raise original yt-dlp error if manual also fails
    ^^^^^^^
  File "D:\Tsufutube\modules\core.py", line 845, in _download_general_ytdlp
    info = ydl.process_ie_result(ie_result=info, download=True)
  File "C:\Users\phult\AppData\Local\Python\pythoncore-3.14-64\Lib\site-packages\yt_dlp\YoutubeDL.py", line 1911, in process_ie_result
    ie_result = self.process_video_result(ie_result, download=download)
  File "C:\Users\phult\AppData\Local\Python\pythoncore-3.14-64\Lib\site-packages\yt_dlp\YoutubeDL.py", line 3089, in process_video_result
    self.process_info(new_info)
    ~~~~~~~~~~~~~~~~~^^^^^^^^^^
  File "C:\Users\phult\AppData\Local\Python\pythoncore-3.14-64\Lib\site-packages\yt_dlp\YoutubeDL.py", line 189, in wrapper
    return func(self, *args, **kwargs)
  File "C:\Users\phult\AppData\Local\Python\pythoncore-3.14-64\Lib\site-packages\yt_dlp\YoutubeDL.py", line 3545, in process_info
    self.report_error(f'unable to download video data: {err}')
    ~~~~~~~~~~~~~~~~~^^^^^^^^^^^^^^^^^^^^^^^^^^^^^^^^^^^^^^^^^
  File "C:\Users\phult\AppData\Local\Python\pythoncore-3.14-64\Lib\site-packages\yt_dlp\YoutubeDL.py", line 1154, in report_error
    self.trouble(f'{self._format_err("ERROR:", self.Styles.ERROR)} {message}', *args, **kwargs)
    ~~~~~~~~~~~~^^^^^^^^^^^^^^^^^^^^^^^^^^^^^^^^^^^^^^^^^^^^^^^^^^^^^^^^^^^^^^^^^^^^^^^^^^^^^^^
  File "C:\Users\phult\AppData\Local\Python\pythoncore-3.14-64\Lib\site-packages\yt_dlp\YoutubeDL.py", line 1093, in trouble
    raise DownloadError(message, exc_info)
yt_dlp.utils.DownloadError: [0;31mERROR:[0m unable to download video data: HTTP Error 403: Forbidden


==================================================
TIME: 2026-01-23 10:23:51.106576
URL: https://www.tiktok.com/@trinh.du.mc/video/7590635050220211476?is_from_webapp=1&sender_device=pc
ERROR TYPE: DownloadError
ERROR MSG: [0;31mERROR:[0m unable to download video data: HTTP Error 403: Forbidden
TRACEBACK:
Traceback (most recent call last):
  File "D:\Tsufutube\modules\core.py", line 887, in _download_general_ytdlp
    r.raise_for_status()
    ~~~~~~~~~~~~~~~~~~^^
  File "C:\Users\phult\AppData\Local\Python\pythoncore-3.14-64\Lib\site-packages\requests\models.py", line 1026, in raise_for_status
    raise HTTPError(http_error_msg, response=self)
requests.exceptions.HTTPError: 403 Client Error: Forbidden for url: https://v16-webapp-prime.tiktok.com/video/tos/alisg/tos-alisg-pve-0037c001/og6CqiB3ICAqOEQPkXiIt0AAWQ4wm0BXq0fpNN/?a=1988&bti=ODszNWYuMDE6&ch=0&cr=3&dr=0&lr=all&cd=0%7C0%7C0%7C&cv=1&br=1366&bt=683&cs=0&ds=6&ft=-Csk_m7nPD12N4r1fd-UxM12aY6e3wv25IcAp&mime_type=video_mp4&qs=0&rc=PGQ2ZGloODk7M2dlaTs8aEBpamd5ZW45cjpvODMzODczNEBhNDJjXi40XmAxNS5hMWA0YSNoZF4uMmRzaF9hLS1kMTFzcw%3D%3D&btag=e000b8000&expire=1769311440&l=2026012311234531ECDB0EC2DEEAA6A505&ply_type=2&policy=2&signature=28a4e30dbf3e7a9e5e85acf0c9953f43&tk=tt_chain_token

During handling of the above exception, another exception occurred:

Traceback (most recent call last):
  File "D:\Tsufutube\modules\core.py", line 908, in _download_general_ytdlp
    raise e # Raise original yt-dlp error if manual also fails
    ^^^^^^^
  File "D:\Tsufutube\modules\core.py", line 865, in _download_general_ytdlp
    info = ydl.process_ie_result(ie_result=info, download=True)
  File "C:\Users\phult\AppData\Local\Python\pythoncore-3.14-64\Lib\site-packages\yt_dlp\YoutubeDL.py", line 1911, in process_ie_result
    ie_result = self.process_video_result(ie_result, download=download)
  File "C:\Users\phult\AppData\Local\Python\pythoncore-3.14-64\Lib\site-packages\yt_dlp\YoutubeDL.py", line 3089, in process_video_result
    self.process_info(new_info)
    ~~~~~~~~~~~~~~~~~^^^^^^^^^^
  File "C:\Users\phult\AppData\Local\Python\pythoncore-3.14-64\Lib\site-packages\yt_dlp\YoutubeDL.py", line 189, in wrapper
    return func(self, *args, **kwargs)
  File "C:\Users\phult\AppData\Local\Python\pythoncore-3.14-64\Lib\site-packages\yt_dlp\YoutubeDL.py", line 3545, in process_info
    self.report_error(f'unable to download video data: {err}')
    ~~~~~~~~~~~~~~~~~^^^^^^^^^^^^^^^^^^^^^^^^^^^^^^^^^^^^^^^^^
  File "C:\Users\phult\AppData\Local\Python\pythoncore-3.14-64\Lib\site-packages\yt_dlp\YoutubeDL.py", line 1154, in report_error
    self.trouble(f'{self._format_err("ERROR:", self.Styles.ERROR)} {message}', *args, **kwargs)
    ~~~~~~~~~~~~^^^^^^^^^^^^^^^^^^^^^^^^^^^^^^^^^^^^^^^^^^^^^^^^^^^^^^^^^^^^^^^^^^^^^^^^^^^^^^^
  File "C:\Users\phult\AppData\Local\Python\pythoncore-3.14-64\Lib\site-packages\yt_dlp\YoutubeDL.py", line 1093, in trouble
    raise DownloadError(message, exc_info)
yt_dlp.utils.DownloadError: [0;31mERROR:[0m unable to download video data: HTTP Error 403: Forbidden


==================================================
TIME: 2026-01-23 10:27:44.820088
URL: https://www.tiktok.com/@remind.ne/video/7597699385262247186?is_from_webapp=1&sender_device=pc
ERROR TYPE: Exception
ERROR MSG: Incomplete download (Size: 95B)
TRACEBACK:
Traceback (most recent call last):
  File "D:\Tsufutube\modules\core.py", line 1055, in _download_general_ytdlp
    raise Exception(f"Manual download incomplete ({os.path.getsize(target_file)}B)")
Exception: Manual download incomplete (95B)

During handling of the above exception, another exception occurred:

Traceback (most recent call last):
  File "D:\Tsufutube\modules\core.py", line 1063, in _download_general_ytdlp
    raise e # Raise original yt-dlp error if manual also fails
    ^^^^^^^
  File "D:\Tsufutube\modules\core.py", line 1007, in _download_general_ytdlp
    raise Exception(f"Incomplete download (Size: {f_size}B)")
Exception: Incomplete download (Size: 95B)


==================================================
TIME: 2026-01-23 10:31:09.360769
URL: https://www.tiktok.com/@ocean.gill/video/7597756078939737351?is_from_webapp=1&sender_device=pc
ERROR TYPE: DownloadError
ERROR MSG: [0;31mERROR:[0m unable to download video data: HTTP Error 403: Forbidden
TRACEBACK:
Traceback (most recent call last):
  File "D:\Tsufutube\modules\core.py", line 1039, in _download_general_ytdlp
    r.raise_for_status()
    ~~~~~~~~~~~~~~~~~~^^
  File "C:\Users\phult\AppData\Local\Python\pythoncore-3.14-64\Lib\site-packages\requests\models.py", line 1026, in raise_for_status
    raise HTTPError(http_error_msg, response=self)
requests.exceptions.HTTPError: 403 Client Error: Forbidden for url: https://v16-webapp-prime.tiktok.com/video/tos/alisg/tos-alisg-pve-0037c001/ogYvBBLNwXw1Am5abCEX2AipCvAEIovybiQKB/?a=1988&bti=ODszNWYuMDE6&ch=0&cr=3&dr=0&lr=all&cd=0%7C0%7C0%7C&cv=1&br=1930&bt=965&cs=0&ds=6&ft=-Csk_m7nPD12Ntd1fd-Ux5eFaY6e3wv25bcAp&mime_type=video_mp4&qs=0&rc=ZjY7OTs7aDQ2Nzs8OWQ3OEBpamdudmw5cmlkODMzODczNEBiYWAuXi41X2IxLTZhXmNgYSNhLTMyMmRrYWxhLS1kMWBzcw%3D%3D&btag=e000b8000&expire=1769311885&l=2026012311310366631704D83798B97C02&ply_type=2&policy=2&signature=9855122689bb351ff217fc0ac3005aeb&tk=tt_chain_token

During handling of the above exception, another exception occurred:

Traceback (most recent call last):
  File "D:\Tsufutube\modules\core.py", line 1064, in _download_general_ytdlp
    raise e # Raise original yt-dlp error if manual also fails
    ^^^^^^^
  File "D:\Tsufutube\modules\core.py", line 996, in _download_general_ytdlp
    info = ydl.process_ie_result(ie_result=info, download=True)
  File "C:\Users\phult\AppData\Local\Python\pythoncore-3.14-64\Lib\site-packages\yt_dlp\YoutubeDL.py", line 1911, in process_ie_result
    ie_result = self.process_video_result(ie_result, download=download)
  File "C:\Users\phult\AppData\Local\Python\pythoncore-3.14-64\Lib\site-packages\yt_dlp\YoutubeDL.py", line 3089, in process_video_result
    self.process_info(new_info)
    ~~~~~~~~~~~~~~~~~^^^^^^^^^^
  File "C:\Users\phult\AppData\Local\Python\pythoncore-3.14-64\Lib\site-packages\yt_dlp\YoutubeDL.py", line 189, in wrapper
    return func(self, *args, **kwargs)
  File "C:\Users\phult\AppData\Local\Python\pythoncore-3.14-64\Lib\site-packages\yt_dlp\YoutubeDL.py", line 3545, in process_info
    self.report_error(f'unable to download video data: {err}')
    ~~~~~~~~~~~~~~~~~^^^^^^^^^^^^^^^^^^^^^^^^^^^^^^^^^^^^^^^^^
  File "C:\Users\phult\AppData\Local\Python\pythoncore-3.14-64\Lib\site-packages\yt_dlp\YoutubeDL.py", line 1154, in report_error
    self.trouble(f'{self._format_err("ERROR:", self.Styles.ERROR)} {message}', *args, **kwargs)
    ~~~~~~~~~~~~^^^^^^^^^^^^^^^^^^^^^^^^^^^^^^^^^^^^^^^^^^^^^^^^^^^^^^^^^^^^^^^^^^^^^^^^^^^^^^^
  File "C:\Users\phult\AppData\Local\Python\pythoncore-3.14-64\Lib\site-packages\yt_dlp\YoutubeDL.py", line 1093, in trouble
    raise DownloadError(message, exc_info)
yt_dlp.utils.DownloadError: [0;31mERROR:[0m unable to download video data: HTTP Error 403: Forbidden


==================================================
TIME: 2026-01-23 10:35:30.044160
URL: https://www.tiktok.com/@ocean.gill/video/7597756078939737351?is_from_webapp=1&sender_device=pc
ERROR TYPE: DownloadError
ERROR MSG: [0;31mERROR:[0m unable to download video data: HTTP Error 403: Forbidden
TRACEBACK:
Traceback (most recent call last):
  File "D:\Tsufutube\modules\core.py", line 1042, in _download_general_ytdlp
    r.raise_for_status()
    ~~~~~~~~~~~~~~~~~~^^
  File "C:\Users\phult\AppData\Local\Python\pythoncore-3.14-64\Lib\site-packages\requests\models.py", line 1026, in raise_for_status
    raise HTTPError(http_error_msg, response=self)
requests.exceptions.HTTPError: 403 Client Error: Forbidden for url: https://v16-webapp-prime.tiktok.com/video/tos/alisg/tos-alisg-pve-0037c001/ogYvBBLNwXw1Am5abCEX2AipCvAEIovybiQKB/?a=1988&bti=ODszNWYuMDE6&ch=0&cr=3&dr=0&lr=all&cd=0%7C0%7C0%7C&cv=1&br=1930&bt=965&cs=0&ds=6&ft=-Csk_m7nPD12NKo1fd-Ux442hY6e3wv25-cAp&mime_type=video_mp4&qs=0&rc=ZjY7OTs7aDQ2Nzs8OWQ3OEBpamdudmw5cmlkODMzODczNEBiYWAuXi41X2IxLTZhXmNgYSNhLTMyMmRrYWxhLS1kMWBzcw%3D%3D&btag=e000b8000&expire=1769312145&l=2026012311352385959400118C9DABB0C1&ply_type=2&policy=2&signature=9d4ae23cd7c2564d60a8d336da2b9fa0&tk=tt_chain_token

During handling of the above exception, another exception occurred:

Traceback (most recent call last):
  File "D:\Tsufutube\modules\core.py", line 1067, in _download_general_ytdlp
    raise e # Raise original yt-dlp error if manual also fails
    ^^^^^^^
  File "D:\Tsufutube\modules\core.py", line 999, in _download_general_ytdlp
    info = ydl.process_ie_result(ie_result=info, download=True)
  File "C:\Users\phult\AppData\Local\Python\pythoncore-3.14-64\Lib\site-packages\yt_dlp\YoutubeDL.py", line 1911, in process_ie_result
    ie_result = self.process_video_result(ie_result, download=download)
  File "C:\Users\phult\AppData\Local\Python\pythoncore-3.14-64\Lib\site-packages\yt_dlp\YoutubeDL.py", line 3089, in process_video_result
    self.process_info(new_info)
    ~~~~~~~~~~~~~~~~~^^^^^^^^^^
  File "C:\Users\phult\AppData\Local\Python\pythoncore-3.14-64\Lib\site-packages\yt_dlp\YoutubeDL.py", line 189, in wrapper
    return func(self, *args, **kwargs)
  File "C:\Users\phult\AppData\Local\Python\pythoncore-3.14-64\Lib\site-packages\yt_dlp\YoutubeDL.py", line 3545, in process_info
    self.report_error(f'unable to download video data: {err}')
    ~~~~~~~~~~~~~~~~~^^^^^^^^^^^^^^^^^^^^^^^^^^^^^^^^^^^^^^^^^
  File "C:\Users\phult\AppData\Local\Python\pythoncore-3.14-64\Lib\site-packages\yt_dlp\YoutubeDL.py", line 1154, in report_error
    self.trouble(f'{self._format_err("ERROR:", self.Styles.ERROR)} {message}', *args, **kwargs)
    ~~~~~~~~~~~~^^^^^^^^^^^^^^^^^^^^^^^^^^^^^^^^^^^^^^^^^^^^^^^^^^^^^^^^^^^^^^^^^^^^^^^^^^^^^^^
  File "C:\Users\phult\AppData\Local\Python\pythoncore-3.14-64\Lib\site-packages\yt_dlp\YoutubeDL.py", line 1093, in trouble
    raise DownloadError(message, exc_info)
yt_dlp.utils.DownloadError: [0;31mERROR:[0m unable to download video data: HTTP Error 403: Forbidden


==================================================
TIME: 2026-01-23 10:36:52.756071
URL: https://www.tiktok.com/@ocean.gill/video/7597756078939737351?is_from_webapp=1&sender_device=pc
ERROR TYPE: DownloadError
ERROR MSG: [0;31mERROR:[0m unable to download video data: HTTP Error 403: Forbidden
TRACEBACK:
Traceback (most recent call last):
  File "D:\Tsufutube\modules\core.py", line 1042, in _download_general_ytdlp
    r.raise_for_status()
    ~~~~~~~~~~~~~~~~~~^^
  File "C:\Users\phult\AppData\Local\Python\pythoncore-3.14-64\Lib\site-packages\requests\models.py", line 1026, in raise_for_status
    raise HTTPError(http_error_msg, response=self)
requests.exceptions.HTTPError: 403 Client Error: Forbidden for url: https://v16-webapp-prime.tiktok.com/video/tos/alisg/tos-alisg-pve-0037c001/ogYvBBLNwXw1Am5abCEX2AipCvAEIovybiQKB/?a=1988&bti=ODszNWYuMDE6&ch=0&cr=3&dr=0&lr=all&cd=0%7C0%7C0%7C&cv=1&br=1930&bt=965&cs=0&ds=6&ft=-Csk_m7nPD12NjK1fd-Ux.T5hY6e3wv25WcAp&mime_type=video_mp4&qs=0&rc=ZjY7OTs7aDQ2Nzs8OWQ3OEBpamdudmw5cmlkODMzODczNEBiYWAuXi41X2IxLTZhXmNgYSNhLTMyMmRrYWxhLS1kMWBzcw%3D%3D&btag=e000b8000&expire=1769312228&l=20260123113646132130F41230F4BDE29F&ply_type=2&policy=2&signature=a41cf621ee539aaae3fab591fb71379f&tk=tt_chain_token

During handling of the above exception, another exception occurred:

Traceback (most recent call last):
  File "D:\Tsufutube\modules\core.py", line 1067, in _download_general_ytdlp
    raise e # Raise original yt-dlp error if manual also fails
    ^^^^^^^
  File "D:\Tsufutube\modules\core.py", line 999, in _download_general_ytdlp
    info = ydl.process_ie_result(ie_result=info, download=True)
  File "C:\Users\phult\AppData\Local\Python\pythoncore-3.14-64\Lib\site-packages\yt_dlp\YoutubeDL.py", line 1911, in process_ie_result
    ie_result = self.process_video_result(ie_result, download=download)
  File "C:\Users\phult\AppData\Local\Python\pythoncore-3.14-64\Lib\site-packages\yt_dlp\YoutubeDL.py", line 3089, in process_video_result
    self.process_info(new_info)
    ~~~~~~~~~~~~~~~~~^^^^^^^^^^
  File "C:\Users\phult\AppData\Local\Python\pythoncore-3.14-64\Lib\site-packages\yt_dlp\YoutubeDL.py", line 189, in wrapper
    return func(self, *args, **kwargs)
  File "C:\Users\phult\AppData\Local\Python\pythoncore-3.14-64\Lib\site-packages\yt_dlp\YoutubeDL.py", line 3545, in process_info
    self.report_error(f'unable to download video data: {err}')
    ~~~~~~~~~~~~~~~~~^^^^^^^^^^^^^^^^^^^^^^^^^^^^^^^^^^^^^^^^^
  File "C:\Users\phult\AppData\Local\Python\pythoncore-3.14-64\Lib\site-packages\yt_dlp\YoutubeDL.py", line 1154, in report_error
    self.trouble(f'{self._format_err("ERROR:", self.Styles.ERROR)} {message}', *args, **kwargs)
    ~~~~~~~~~~~~^^^^^^^^^^^^^^^^^^^^^^^^^^^^^^^^^^^^^^^^^^^^^^^^^^^^^^^^^^^^^^^^^^^^^^^^^^^^^^^
  File "C:\Users\phult\AppData\Local\Python\pythoncore-3.14-64\Lib\site-packages\yt_dlp\YoutubeDL.py", line 1093, in trouble
    raise DownloadError(message, exc_info)
yt_dlp.utils.DownloadError: [0;31mERROR:[0m unable to download video data: HTTP Error 403: Forbidden


==================================================
TIME: 2026-01-23 13:22:21.246014
URL: https://v26-web.douyinvod.com/f2aac961dc3c3b80193bf0c25950a3dc/69733dbe/video/tos/cn/tos-cn-ve-15c000-ce/okIwEQES9zecAqDpzFdbfkGWDkvAnEDweIMBC6/?a=6383&ch=26&cr=3&dr=0&lr=all&cd=0%7C0%7C0%7C3&cv=1&br=1938&bt=1938&cs=0&ds=4&ft=-H2EMhq8V8ywfYRf1PEE0TO5qldGr0iXr0Qt9UMyeF~4&mime_type=video_mp4&qs=0&rc=ZDRpZzw2NTY4PDdnZGZkN0BpajdydHE5cjxmODMzbGkzNEA0YjY0Mi01XjAxNTE1M2FfYSMuZW9wMmRzZmxhLS1kLWJzcw%3D%3D&btag=80000e00008000&cquery=100w_100B_100x_100z_100o&dy_q=1769149313&feature_id=0ea98fd3bdc3c6c14a3d0804cc272721&l=20260123142153A635DC3C12D30A5E8556
ERROR TYPE: DownloadError
ERROR MSG: [0;31mERROR:[0m [generic] Unable to download webpage: HTTP Error 403: Forbidden (caused by <HTTPError 403: Forbidden>)
TRACEBACK:
Traceback (most recent call last):
  File "C:\Users\phult\AppData\Local\Python\pythoncore-3.14-64\Lib\site-packages\yt_dlp\extractor\common.py", line 909, in _request_webpage
    return self._downloader.urlopen(self._create_request(url_or_request, data, headers, query, extensions))
           ~~~~~~~~~~~~~~~~~~~~~~~~^^^^^^^^^^^^^^^^^^^^^^^^^^^^^^^^^^^^^^^^^^^^^^^^^^^^^^^^^^^^^^^^^^^^^^^^
  File "C:\Users\phult\AppData\Local\Python\pythoncore-3.14-64\Lib\site-packages\yt_dlp\YoutubeDL.py", line 4252, in urlopen
    return self._request_director.send(req)
           ~~~~~~~~~~~~~~~~~~~~~~~~~~~^^^^^
  File "C:\Users\phult\AppData\Local\Python\pythoncore-3.14-64\Lib\site-packages\yt_dlp\networking\common.py", line 117, in send
    response = handler.send(request)
  File "C:\Users\phult\AppData\Local\Python\pythoncore-3.14-64\Lib\site-packages\yt_dlp\networking\_helper.py", line 194, in wrapper
    return func(self, *args, **kwargs)
  File "C:\Users\phult\AppData\Local\Python\pythoncore-3.14-64\Lib\site-packages\yt_dlp\networking\common.py", line 359, in send
    return self._send(request)
           ~~~~~~~~~~^^^^^^^^^
  File "C:\Users\phult\AppData\Local\Python\pythoncore-3.14-64\Lib\site-packages\yt_dlp\networking\_requests.py", line 361, in _send
    raise HTTPError(res, redirect_loop=max_redirects_exceeded)
yt_dlp.networking.exceptions.HTTPError: HTTP Error 403: Forbidden

During handling of the above exception, another exception occurred:

Traceback (most recent call last):
  File "C:\Users\phult\AppData\Local\Python\pythoncore-3.14-64\Lib\site-packages\yt_dlp\YoutubeDL.py", line 1696, in wrapper
    return func(self, *args, **kwargs)
  File "C:\Users\phult\AppData\Local\Python\pythoncore-3.14-64\Lib\site-packages\yt_dlp\YoutubeDL.py", line 1831, in __extract_info
    ie_result = ie.extract(url)
  File "C:\Users\phult\AppData\Local\Python\pythoncore-3.14-64\Lib\site-packages\yt_dlp\extractor\common.py", line 762, in extract
    ie_result = self._real_extract(url)
  File "C:\Users\phult\AppData\Local\Python\pythoncore-3.14-64\Lib\site-packages\yt_dlp\extractor\generic.py", line 819, in _real_extract
    full_response = self._request_webpage(url, video_id, headers=filter_dict({
        'Accept-Encoding': 'identity',
        'Referer': smuggled_data.get('referer'),
    }), impersonate=impersonate)
  File "C:\Users\phult\AppData\Local\Python\pythoncore-3.14-64\Lib\site-packages\yt_dlp\extractor\common.py", line 922, in _request_webpage
    raise ExtractorError(errmsg, cause=err)
yt_dlp.utils.ExtractorError: [generic] Unable to download webpage: HTTP Error 403: Forbidden (caused by <HTTPError 403: Forbidden>)

During handling of the above exception, another exception occurred:

Traceback (most recent call last):
  File "D:\Tsufutube\modules\core.py", line 943, in _download_general_ytdlp
    raise e
  File "D:\Tsufutube\modules\core.py", line 819, in _download_general_ytdlp
    info = ydl.extract_info(task["url"], download=False)
  File "C:\Users\phult\AppData\Local\Python\pythoncore-3.14-64\Lib\site-packages\yt_dlp\YoutubeDL.py", line 1685, in extract_info
    return self.__extract_info(url, self.get_info_extractor(key), download, extra_info, process)
           ~~~~~~~~~~~~~~~~~~~^^^^^^^^^^^^^^^^^^^^^^^^^^^^^^^^^^^^^^^^^^^^^^^^^^^^^^^^^^^^^^^^^^
  File "C:\Users\phult\AppData\Local\Python\pythoncore-3.14-64\Lib\site-packages\yt_dlp\YoutubeDL.py", line 1714, in wrapper
    self.report_error(str(e), e.format_traceback())
    ~~~~~~~~~~~~~~~~~^^^^^^^^^^^^^^^^^^^^^^^^^^^^^^
  File "C:\Users\phult\AppData\Local\Python\pythoncore-3.14-64\Lib\site-packages\yt_dlp\YoutubeDL.py", line 1154, in report_error
    self.trouble(f'{self._format_err("ERROR:", self.Styles.ERROR)} {message}', *args, **kwargs)
    ~~~~~~~~~~~~^^^^^^^^^^^^^^^^^^^^^^^^^^^^^^^^^^^^^^^^^^^^^^^^^^^^^^^^^^^^^^^^^^^^^^^^^^^^^^^
  File "C:\Users\phult\AppData\Local\Python\pythoncore-3.14-64\Lib\site-packages\yt_dlp\YoutubeDL.py", line 1093, in trouble
    raise DownloadError(message, exc_info)
yt_dlp.utils.DownloadError: [0;31mERROR:[0m [generic] Unable to download webpage: HTTP Error 403: Forbidden (caused by <HTTPError 403: Forbidden>)


==================================================
TIME: 2026-01-23 13:23:06.594566
URL: https://v26-web.douyinvod.com/46c8517140190bc3051fe340635b5e7c/69733deb/video/tos/cn/tos-cn-ve-15c000-ce/o0WIwAIIMeQpeEEpJcFfECwCk3DKkDIz9DDvAn/?a=6383&ch=26&cr=3&dr=0&lr=all&cd=0%7C0%7C0%7C3&cv=1&br=1861&bt=1861&cs=0&ds=4&ft=-H2EMhq8V8ywfYRf1PEE0TO5.ldGr0iXr0Qt9UMyeF~4&mime_type=video_mp4&qs=0&rc=MzRkNjszN2Y1OjxnNGRmZ0BpajdydHE5cjxmODMzbGkzNEBfNV9gMC8yX2IxMi80XmIxYSMuZW9wMmRzZmxhLS1kLWJzcw%3D%3D&btag=c0000e00008000&cquery=100o_100w_100B_100x_100z&dy_q=1769149358&feature_id=0ea98fd3bdc3c6c14a3d0804cc272721&l=20260123142238802A1CCB2D626EA9C4AC
ERROR TYPE: DownloadError
ERROR MSG: [0;31mERROR:[0m [generic] Unable to download webpage: HTTP Error 403: Forbidden (caused by <HTTPError 403: Forbidden>)
TRACEBACK:
Traceback (most recent call last):
  File "C:\Users\phult\AppData\Local\Python\pythoncore-3.14-64\Lib\site-packages\yt_dlp\extractor\common.py", line 909, in _request_webpage
    return self._downloader.urlopen(self._create_request(url_or_request, data, headers, query, extensions))
           ~~~~~~~~~~~~~~~~~~~~~~~~^^^^^^^^^^^^^^^^^^^^^^^^^^^^^^^^^^^^^^^^^^^^^^^^^^^^^^^^^^^^^^^^^^^^^^^^
  File "C:\Users\phult\AppData\Local\Python\pythoncore-3.14-64\Lib\site-packages\yt_dlp\YoutubeDL.py", line 4252, in urlopen
    return self._request_director.send(req)
           ~~~~~~~~~~~~~~~~~~~~~~~~~~~^^^^^
  File "C:\Users\phult\AppData\Local\Python\pythoncore-3.14-64\Lib\site-packages\yt_dlp\networking\common.py", line 117, in send
    response = handler.send(request)
  File "C:\Users\phult\AppData\Local\Python\pythoncore-3.14-64\Lib\site-packages\yt_dlp\networking\_helper.py", line 194, in wrapper
    return func(self, *args, **kwargs)
  File "C:\Users\phult\AppData\Local\Python\pythoncore-3.14-64\Lib\site-packages\yt_dlp\networking\common.py", line 359, in send
    return self._send(request)
           ~~~~~~~~~~^^^^^^^^^
  File "C:\Users\phult\AppData\Local\Python\pythoncore-3.14-64\Lib\site-packages\yt_dlp\networking\_requests.py", line 361, in _send
    raise HTTPError(res, redirect_loop=max_redirects_exceeded)
yt_dlp.networking.exceptions.HTTPError: HTTP Error 403: Forbidden

During handling of the above exception, another exception occurred:

Traceback (most recent call last):
  File "C:\Users\phult\AppData\Local\Python\pythoncore-3.14-64\Lib\site-packages\yt_dlp\YoutubeDL.py", line 1696, in wrapper
    return func(self, *args, **kwargs)
  File "C:\Users\phult\AppData\Local\Python\pythoncore-3.14-64\Lib\site-packages\yt_dlp\YoutubeDL.py", line 1831, in __extract_info
    ie_result = ie.extract(url)
  File "C:\Users\phult\AppData\Local\Python\pythoncore-3.14-64\Lib\site-packages\yt_dlp\extractor\common.py", line 762, in extract
    ie_result = self._real_extract(url)
  File "C:\Users\phult\AppData\Local\Python\pythoncore-3.14-64\Lib\site-packages\yt_dlp\extractor\generic.py", line 819, in _real_extract
    full_response = self._request_webpage(url, video_id, headers=filter_dict({
        'Accept-Encoding': 'identity',
        'Referer': smuggled_data.get('referer'),
    }), impersonate=impersonate)
  File "C:\Users\phult\AppData\Local\Python\pythoncore-3.14-64\Lib\site-packages\yt_dlp\extractor\common.py", line 922, in _request_webpage
    raise ExtractorError(errmsg, cause=err)
yt_dlp.utils.ExtractorError: [generic] Unable to download webpage: HTTP Error 403: Forbidden (caused by <HTTPError 403: Forbidden>)

During handling of the above exception, another exception occurred:

Traceback (most recent call last):
  File "D:\Tsufutube\modules\core.py", line 943, in _download_general_ytdlp
    raise e
  File "D:\Tsufutube\modules\core.py", line 819, in _download_general_ytdlp
    info = ydl.extract_info(task["url"], download=False)
  File "C:\Users\phult\AppData\Local\Python\pythoncore-3.14-64\Lib\site-packages\yt_dlp\YoutubeDL.py", line 1685, in extract_info
    return self.__extract_info(url, self.get_info_extractor(key), download, extra_info, process)
           ~~~~~~~~~~~~~~~~~~~^^^^^^^^^^^^^^^^^^^^^^^^^^^^^^^^^^^^^^^^^^^^^^^^^^^^^^^^^^^^^^^^^^
  File "C:\Users\phult\AppData\Local\Python\pythoncore-3.14-64\Lib\site-packages\yt_dlp\YoutubeDL.py", line 1714, in wrapper
    self.report_error(str(e), e.format_traceback())
    ~~~~~~~~~~~~~~~~~^^^^^^^^^^^^^^^^^^^^^^^^^^^^^^
  File "C:\Users\phult\AppData\Local\Python\pythoncore-3.14-64\Lib\site-packages\yt_dlp\YoutubeDL.py", line 1154, in report_error
    self.trouble(f'{self._format_err("ERROR:", self.Styles.ERROR)} {message}', *args, **kwargs)
    ~~~~~~~~~~~~^^^^^^^^^^^^^^^^^^^^^^^^^^^^^^^^^^^^^^^^^^^^^^^^^^^^^^^^^^^^^^^^^^^^^^^^^^^^^^^
  File "C:\Users\phult\AppData\Local\Python\pythoncore-3.14-64\Lib\site-packages\yt_dlp\YoutubeDL.py", line 1093, in trouble
    raise DownloadError(message, exc_info)
yt_dlp.utils.DownloadError: [0;31mERROR:[0m [generic] Unable to download webpage: HTTP Error 403: Forbidden (caused by <HTTPError 403: Forbidden>)

